Component: ARM Compiler 5.06 update 7 (build 960) Tool: armlink [4d3601]

==============================================================================

Section Cross References

    startup_stm32f410cx.o(RESET) refers to startup_stm32f410cx.o(STACK) for __initial_sp
    startup_stm32f410cx.o(RESET) refers to startup_stm32f410cx.o(.text) for Reset_Handler
    startup_stm32f410cx.o(RESET) refers to stm32f4xx_it.o(i.NMI_Handler) for NMI_Handler
    startup_stm32f410cx.o(RESET) refers to stm32f4xx_it.o(i.HardFault_Handler) for HardFault_Handler
    startup_stm32f410cx.o(RESET) refers to stm32f4xx_it.o(i.MemManage_Handler) for MemManage_Handler
    startup_stm32f410cx.o(RESET) refers to stm32f4xx_it.o(i.BusFault_Handler) for BusFault_Handler
    startup_stm32f410cx.o(RESET) refers to stm32f4xx_it.o(i.UsageFault_Handler) for UsageFault_Handler
    startup_stm32f410cx.o(RESET) refers to stm32f4xx_it.o(i.SVC_Handler) for SVC_Handler
    startup_stm32f410cx.o(RESET) refers to stm32f4xx_it.o(i.DebugMon_Handler) for DebugMon_Handler
    startup_stm32f410cx.o(RESET) refers to stm32f4xx_it.o(i.PendSV_Handler) for PendSV_Handler
    startup_stm32f410cx.o(RESET) refers to stm32f4xx_it.o(i.SysTick_Handler) for SysTick_Handler
    startup_stm32f410cx.o(RESET) refers to stm32f4xx_it.o(i.ADC_IRQHandler) for ADC_IRQHandler
    startup_stm32f410cx.o(RESET) refers to stm32f4xx_it.o(i.TIM1_BRK_TIM9_IRQHandler) for TIM1_BRK_TIM9_IRQHandler
    startup_stm32f410cx.o(RESET) refers to stm32f4xx_it.o(i.USART1_IRQHandler) for USART1_IRQHandler
    startup_stm32f410cx.o(RESET) refers to stm32f4xx_it.o(i.DMA2_Stream2_IRQHandler) for DMA2_Stream2_IRQHandler
    startup_stm32f410cx.o(RESET) refers to stm32f4xx_it.o(i.DMA2_Stream7_IRQHandler) for DMA2_Stream7_IRQHandler
    startup_stm32f410cx.o(.text) refers to system_stm32f4xx.o(i.SystemInit) for SystemInit
    startup_stm32f410cx.o(.text) refers to entry.o(.ARM.Collect$$$$00000000) for __main
    main.o(i.SystemClock_Config) refers to memseta.o(.text) for __aeabi_memclr4
    main.o(i.SystemClock_Config) refers to stm32f4xx_hal_rcc_ex.o(i.HAL_RCC_OscConfig) for HAL_RCC_OscConfig
    main.o(i.SystemClock_Config) refers to main.o(i.Error_Handler) for Error_Handler
    main.o(i.SystemClock_Config) refers to stm32f4xx_hal_rcc.o(i.HAL_RCC_ClockConfig) for HAL_RCC_ClockConfig
    main.o(i.main) refers to stm32f4xx_hal.o(i.HAL_Init) for HAL_Init
    main.o(i.main) refers to main.o(i.SystemClock_Config) for SystemClock_Config
    main.o(i.main) refers to gpio.o(i.MX_GPIO_Init) for MX_GPIO_Init
    main.o(i.main) refers to dma.o(i.MX_DMA_Init) for MX_DMA_Init
    main.o(i.main) refers to usart.o(i.MX_USART1_UART_Init) for MX_USART1_UART_Init
    main.o(i.main) refers to adc.o(i.MX_ADC1_Init) for MX_ADC1_Init
    main.o(i.main) refers to tim.o(i.MX_TIM1_Init) for MX_TIM1_Init
    main.o(i.main) refers to crc.o(i.MX_CRC_Init) for MX_CRC_Init
    main.o(i.main) refers to tim.o(i.MX_TIM5_Init) for MX_TIM5_Init
    main.o(i.main) refers to printf3.o(i.__0printf$3) for __2printf
    main.o(i.main) refers to stm32f4xx_hal_uart.o(i.HAL_UARTEx_ReceiveToIdle_IT) for HAL_UARTEx_ReceiveToIdle_IT
    main.o(i.main) refers to stm32f4xx_hal_adc_ex.o(i.HAL_ADCEx_InjectedStart_IT) for HAL_ADCEx_InjectedStart_IT
    main.o(i.main) refers to stm32f4xx_hal.o(i.HAL_Delay) for HAL_Delay
    main.o(i.main) refers to stm32f4xx_hal_tim.o(i.HAL_TIM_Base_Start) for HAL_TIM_Base_Start
    main.o(i.main) refers to stm32f4xx_hal_tim.o(i.HAL_TIM_PWM_Start) for HAL_TIM_PWM_Start
    main.o(i.main) refers to stm32f4xx_hal_tim_ex.o(i.HAL_TIMEx_PWMN_Start) for HAL_TIMEx_PWMN_Start
    main.o(i.main) refers to stm32f4xx_it.o(.bss) for rxBuff
    main.o(i.main) refers to usart.o(.bss) for huart1
    main.o(i.main) refers to adc.o(.bss) for hadc1
    main.o(i.main) refers to tim.o(.bss) for htim1
    gpio.o(i.MX_GPIO_Init) refers to memseta.o(.text) for __aeabi_memclr4
    gpio.o(i.MX_GPIO_Init) refers to stm32f4xx_hal_gpio.o(i.HAL_GPIO_WritePin) for HAL_GPIO_WritePin
    gpio.o(i.MX_GPIO_Init) refers to stm32f4xx_hal_gpio.o(i.HAL_GPIO_Init) for HAL_GPIO_Init
    adc.o(i.HAL_ADC_MspDeInit) refers to stm32f4xx_hal_gpio.o(i.HAL_GPIO_DeInit) for HAL_GPIO_DeInit
    adc.o(i.HAL_ADC_MspDeInit) refers to stm32f4xx_hal_cortex.o(i.HAL_NVIC_DisableIRQ) for HAL_NVIC_DisableIRQ
    adc.o(i.HAL_ADC_MspInit) refers to memseta.o(.text) for __aeabi_memclr4
    adc.o(i.HAL_ADC_MspInit) refers to stm32f4xx_hal_gpio.o(i.HAL_GPIO_Init) for HAL_GPIO_Init
    adc.o(i.HAL_ADC_MspInit) refers to stm32f4xx_hal_cortex.o(i.HAL_NVIC_SetPriority) for HAL_NVIC_SetPriority
    adc.o(i.HAL_ADC_MspInit) refers to stm32f4xx_hal_cortex.o(i.HAL_NVIC_EnableIRQ) for HAL_NVIC_EnableIRQ
    adc.o(i.MX_ADC1_Init) refers to memseta.o(.text) for __aeabi_memclr4
    adc.o(i.MX_ADC1_Init) refers to stm32f4xx_hal_adc.o(i.HAL_ADC_Init) for HAL_ADC_Init
    adc.o(i.MX_ADC1_Init) refers to main.o(i.Error_Handler) for Error_Handler
[...]
    .ARM.Collect$$$$00000011                 0x080001dc   Section        0  entry11a.o(.ARM.Collect$$$$00000011)
    .ARM.Collect$$$$00002712                 0x080001dc   Section        4  entry2.o(.ARM.Collect$$$$00002712)
    __lit__00000000                          0x080001dc   Data           4  entry2.o(.ARM.Collect$$$$00002712)
    .text                                    0x080001e0   Section       36  startup_stm32f410cx.o(.text)
    $v0                                      0x080001e0   Number         0  startup_stm32f410cx.o(.text)
    .text                                    0x08000204   Section        0  uldiv.o(.text)
    .text                                    0x08000266   Section        0  memseta.o(.text)
    .text                                    0x0800028a   Section        0  uidiv.o(.text)
    .text                                    0x080002b6   Section        0  llshl.o(.text)
    .text                                    0x080002d4   Section        0  llushr.o(.text)
    .text                                    0x080002f4   Section        0  iusefp.o(.text)
    .text                                    0x080002f4   Section        0  frem.o(.text)
    .text                                    0x08000346   Section        0  fcmp4.o(.text)
    .text                                    0x0800037c   Section       36  init.o(.text)
    .text                                    0x080003a0   Section        0  fepilogue.o(.text)
    i.ADC_IRQHandler                         0x08000410   Section        0  stm32f4xx_it.o(i.ADC_IRQHandler)
    i.ADC_Init                               0x08000420   Section        0  stm32f4xx_hal_adc.o(i.ADC_Init)
    ADC_Init                                 0x08000421   Thumb Code   344  stm32f4xx_hal_adc.o(i.ADC_Init)
    i.BspAdcSample_Update                    0x08000580   Section        0  bsp_adc.o(i.BspAdcSample_Update)
    i.BspTemperature_Accumulate              0x08000638   Section        0  bsp_temperature.o(i.BspTemperature_Accumulate)
    i.BspTemperature_FilterTick              0x08000694   Section        0  bsp_temperature.o(i.BspTemperature_FilterTick)
    i.BusFault_Handler                       0x080006f0   Section        0  stm32f4xx_it.o(i.BusFault_Handler)
    i.CalculateTemperature                   0x080006f4   Section        0  bsp_temperature.o(i.CalculateTemperature)
    i.CmdDir                                 0x080007d4   Section        0  bsp_command.o(i.CmdDir)
    CmdDir                                   0x080007d5   Thumb Code    70  bsp_command.o(i.CmdDir)
    i.CmdEquals                              0x08000854   Section        0  bsp_command.o(i.CmdEquals)
    CmdEquals                                0x08000855   Thumb Code    48  bsp_command.o(i.CmdEquals)
    i.CmdRun                                 0x08000884   Section        0  bsp_command.o(i.CmdRun)
    CmdRun                                   0x08000885   Thumb Code    62  bsp_command.o(i.CmdRun)
    i.CmdSetLevel                            0x080008f0   Section        0  bsp_command.o(i.CmdSetLevel)
    CmdSetLevel                              0x080008f1   Thumb Code    30  bsp_command.o(i.CmdSetLevel)
    i.CmdSpeedDown                           0x08000930   Section        0  bsp_command.o(i.CmdSpeedDown)
    CmdSpeedDown                             0x08000931   Thumb Code    26  bsp_command.o(i.CmdSpeedDown)
    i.CmdSpeedUp                             0x08000960   Section        0  bsp_command.o(i.CmdSpeedUp)
    CmdSpeedUp                               0x08000961   Thumb Code    28  bsp_command.o(i.CmdSpeedUp)
    i.CmdStartsWith                          0x08000990   Section        0  bsp_command.o(i.CmdStartsWith)
    CmdStartsWith                            0x08000991   Thumb Code    32  bsp_command.o(i.CmdStartsWith)
    i.CmdStop                                0x080009b0   Section        0  bsp_command.o(i.CmdStop)
    CmdStop                                  0x080009b1   Thumb Code    20  bsp_command.o(i.CmdStop)
    i.DMA2_Stream2_IRQHandler                0x080009d8   Section        0  stm32f4xx_it.o(i.DMA2_Stream2_IRQHandler)
    i.DMA2_Stream7_IRQHandler                0x080009e8   Section        0  stm32f4xx_it.o(i.DMA2_Stream7_IRQHandler)
    i.DMA_CalcBaseAndBitshift                0x080009f8   Section        0  stm32f4xx_hal_dma.o(i.DMA_CalcBaseAndBitshift)
    DMA_CalcBaseAndBitshift                  0x080009f9   Thumb Code    46  stm32f4xx_hal_dma.o(i.DMA_CalcBaseAndBitshift)
    i.DMA_CheckFifoParam                     0x08000a2c   Section        0  stm32f4xx_hal_dma.o(i.DMA_CheckFifoParam)
    DMA_CheckFifoParam                       0x08000a2d   Thumb Code   170  stm32f4xx_hal_dma.o(i.DMA_CheckFifoParam)
    i.DebugMon_Handler                       0x08000ad6   Section        0  stm32f4xx_it.o(i.DebugMon_Handler)
    i.Error_Handler                          0x08000ad8   Section        0  main.o(i.Error_Handler)
    i.FOC_CURRENT_CTRL_CUR                   0x08000ae0   Section        0  foc_current.o(i.FOC_CURRENT_CTRL_CUR)
    i.FOC_CURRENT_InvPark                    0x08000e48   Section        0  foc_current.o(i.FOC_CURRENT_InvPark)
    i.FOC_CURRENT_Park                       0x08000e82   Section        0  foc_current.o(i.FOC_CURRENT_Park)
    i.FOC_CURRENT_SVPWM2                     0x08000ec8   Section        0  foc_current.o(i.FOC_CURRENT_SVPWM2)
    i.FOC_CURRENT_initialize                 0x08000fd0   Section        0  foc_current.o(i.FOC_CURRENT_initialize)
    i.FOC_CURRENT_step                       0x08001020   Section        0  foc_current.o(i.FOC_CURRENT_step)
    i.HAL_ADCEx_InjectedConfigChannel        0x080014d0   Section        0  stm32f4xx_hal_adc_ex.o(i.HAL_ADCEx_InjectedConfigChannel)
    i.HAL_ADCEx_InjectedConvCpltCallback     0x080016f8   Section        0  int_bsp.o(i.HAL_ADCEx_InjectedConvCpltCallback)
    i.HAL_ADCEx_InjectedGetValue             0x08001750   Section        0  stm32f4xx_hal_adc_ex.o(i.HAL_ADCEx_InjectedGetValue)
    i.HAL_ADCEx_InjectedStart_IT             0x08001798   Section        0  stm32f4xx_hal_adc_ex.o(i.HAL_ADCEx_InjectedStart_IT)
    i.HAL_ADC_ConfigChannel                  0x080018c4   Section        0  stm32f4xx_hal_adc.o(i.HAL_ADC_ConfigChannel)
    i.HAL_ADC_ConvCpltCallback               0x08001a50   Section        0  stm32f4xx_hal_adc.o(i.HAL_ADC_ConvCpltCallback)
    i.HAL_ADC_ErrorCallback                  0x08001a52   Section        0  stm32f4xx_hal_adc.o(i.HAL_ADC_ErrorCallback)
    i.HAL_ADC_IRQHandler                     0x08001a54   Section        0  stm32f4xx_hal_adc.o(i.HAL_ADC_IRQHandler)
    i.HAL_ADC_Init                           0x08001bb8   Section        0  stm32f4xx_hal_adc.o(i.HAL_ADC_Init)
    i.HAL_ADC_LevelOutOfWindowCallback       0x08001c20   Section        0  stm32f4xx_hal_adc.o(i.HAL_ADC_LevelOutOfWindowCallback)
    i.HAL_ADC_MspInit                        0x08001c24   Section        0  adc.o(i.HAL_ADC_MspInit)
    i.HAL_CRC_Init                           0x08001cb4   Section        0  stm32f4xx_hal_crc.o(i.HAL_CRC_Init)
    i.HAL_CRC_MspInit                        0x08001cd4   Section        0  crc.o(i.HAL_CRC_MspInit)
    i.HAL_DMA_Abort                          0x08001d08   Section        0  stm32f4xx_hal_dma.o(i.HAL_DMA_Abort)
    i.HAL_DMA_Abort_IT                       0x08001db4   Section        0  stm32f4xx_hal_dma.o(i.HAL_DMA_Abort_IT)
    i.HAL_DMA_IRQHandler                     0x08001ddc   Section        0  stm32f4xx_hal_dma.o(i.HAL_DMA_IRQHandler)
    i.HAL_DMA_Init                           0x0800201c   Section        0  stm32f4xx_hal_dma.o(i.HAL_DMA_Init)
    i.HAL_Delay                              0x08002108   Section        0  stm32f4xx_hal.o(i.HAL_Delay)
    i.HAL_GPIO_Init                          0x08002130   Section        0  stm32f4xx_hal_gpio.o(i.HAL_GPIO_Init)
    i.HAL_GPIO_ReadPin                       0x080022dc   Section        0  stm32f4xx_hal_gpio.o(i.HAL_GPIO_ReadPin)
    i.HAL_GPIO_WritePin                      0x080022ec   Section        0  stm32f4xx_hal_gpio.o(i.HAL_GPIO_WritePin)
    i.HAL_GetTick                            0x080022f8   Section        0  stm32f4xx_hal.o(i.HAL_GetTick)
    i.HAL_IncTick                            0x08002304   Section        0  stm32f4xx_hal.o(i.HAL_IncTick)
    i.HAL_Init                               0x0800231c   Section        0  stm32f4xx_hal.o(i.HAL_Init)
    i.HAL_InitTick                           0x08002358   Section        0  stm32f4xx_hal.o(i.HAL_InitTick)
    i.HAL_MspInit                            0x080023a4   Section        0  stm32f4xx_hal_msp.o(i.HAL_MspInit)
    i.HAL_NVIC_EnableIRQ                     0x080023ec   Section        0  stm32f4xx_hal_cortex.o(i.HAL_NVIC_EnableIRQ)
    i.HAL_NVIC_SetPriority                   0x08002414   Section        0  stm32f4xx_hal_cortex.o(i.HAL_NVIC_SetPriority)
    i.HAL_NVIC_SetPriorityGrouping           0x08002490   Section        0  stm32f4xx_hal_cortex.o(i.HAL_NVIC_SetPriorityGrouping)
    i.HAL_RCC_ClockConfig                    0x080024b8   Section        0  stm32f4xx_hal_rcc.o(i.HAL_RCC_ClockConfig)
    i.HAL_RCC_GetHCLKFreq                    0x0800263c   Section        0  stm32f4xx_hal_rcc.o(i.HAL_RCC_GetHCLKFreq)
    i.HAL_RCC_GetPCLK1Freq                   0x08002648   Section        0  stm32f4xx_hal_rcc.o(i.HAL_RCC_GetPCLK1Freq)
    i.HAL_RCC_GetPCLK2Freq                   0x08002668   Section        0  stm32f4xx_hal_rcc.o(i.HAL_RCC_GetPCLK2Freq)
    i.HAL_RCC_GetSysClockFreq                0x08002688   Section        0  stm32f4xx_hal_rcc.o(i.HAL_RCC_GetSysClockFreq)
    i.HAL_RCC_OscConfig                      0x08002738   Section        0  stm32f4xx_hal_rcc_ex.o(i.HAL_RCC_OscConfig)
    i.HAL_SYSTICK_Config                     0x08002be8   Section        0  stm32f4xx_hal_cortex.o(i.HAL_SYSTICK_Config)
    i.HAL_TIMEx_BreakCallback                0x08002c1c   Section        0  stm32f4xx_hal_tim_ex.o(i.HAL_TIMEx_BreakCallback)
    i.HAL_TIMEx_CommutCallback               0x08002c1e   Section        0  stm32f4xx_hal_tim_ex.o(i.HAL_TIMEx_CommutCallback)
    i.HAL_TIMEx_ConfigBreakDeadTime          0x08002c20   Section        0  stm32f4xx_hal_tim_ex.o(i.HAL_TIMEx_ConfigBreakDeadTime)
    i.HAL_TIMEx_MasterConfigSynchronization  0x08002c94   Section        0  stm32f4xx_hal_tim_ex.o(i.HAL_TIMEx_MasterConfigSynchronization)
    i.HAL_TIMEx_PWMN_Start                   0x08002d10   Section        0  stm32f4xx_hal_tim_ex.o(i.HAL_TIMEx_PWMN_Start)
    i.HAL_TIMEx_PWMN_Stop                    0x08002dcc   Section        0  stm32f4xx_hal_tim_ex.o(i.HAL_TIMEx_PWMN_Stop)
    i.HAL_TIM_Base_Init                      0x08002e54   Section        0  stm32f4xx_hal_tim.o(i.HAL_TIM_Base_Init)
    i.HAL_TIM_Base_MspInit                   0x08002ebc   Section        0  tim.o(i.HAL_TIM_Base_MspInit)
    i.HAL_TIM_Base_Start                     0x08002f34   Section        0  stm32f4xx_hal_tim.o(i.HAL_TIM_Base_Start)
    i.HAL_TIM_ConfigClockSource              0x08002f98   Section        0  stm32f4xx_hal_tim.o(i.HAL_TIM_ConfigClockSource)
    i.HAL_TIM_IC_CaptureCallback             0x080030a4   Section        0  stm32f4xx_hal_tim.o(i.HAL_TIM_IC_CaptureCallback)
    i.HAL_TIM_IRQHandler                     0x080030a6   Section        0  stm32f4xx_hal_tim.o(i.HAL_TIM_IRQHandler)
    i.HAL_TIM_MspPostInit                    0x08003214   Section        0  tim.o(i.HAL_TIM_MspPostInit)
    i.HAL_TIM_OC_DelayElapsedCallback        0x080032b4   Section        0  stm32f4xx_hal_tim.o(i.HAL_TIM_OC_DelayElapsedCallback)
    i.HAL_TIM_PWM_ConfigChannel              0x080032b6   Section        0  stm32f4xx_hal_tim.o(i.HAL_TIM_PWM_ConfigChannel)
    i.HAL_TIM_PWM_Init                       0x080033ba   Section        0  stm32f4xx_hal_tim.o(i.HAL_TIM_PWM_Init)
    i.HAL_TIM_PWM_MspInit                    0x08003420   Section        0  stm32f4xx_hal_tim.o(i.HAL_TIM_PWM_MspInit)
    i.HAL_TIM_PWM_PulseFinishedCallback      0x08003422   Section        0  stm32f4xx_hal_tim.o(i.HAL_TIM_PWM_PulseFinishedCallback)
    i.HAL_TIM_PWM_Start                      0x08003424   Section        0  stm32f4xx_hal_tim.o(i.HAL_TIM_PWM_Start)
    i.HAL_TIM_PWM_Stop                       0x080034f0   Section        0  stm32f4xx_hal_tim.o(i.HAL_TIM_PWM_Stop)
    i.HAL_TIM_PeriodElapsedCallback          0x0800358c   Section        0  stm32f4xx_hal_tim.o(i.HAL_TIM_PeriodElapsedCallback)
    i.HAL_TIM_TriggerCallback                0x0800358e   Section        0  stm32f4xx_hal_tim.o(i.HAL_TIM_TriggerCallback)
    i.HAL_UARTEx_ReceiveToIdle_IT            0x08003590   Section        0  stm32f4xx_hal_uart.o(i.HAL_UARTEx_ReceiveToIdle_IT)
    i.HAL_UARTEx_RxEventCallback             0x08003604   Section        0  stm32f4xx_it.o(i.HAL_UARTEx_RxEventCallback)
    i.HAL_UART_ErrorCallback                 0x08003634   Section        0  stm32f4xx_hal_uart.o(i.HAL_UART_ErrorCallback)
    i.HAL_UART_IRQHandler                    0x08003638   Section        0  stm32f4xx_hal_uart.o(i.HAL_UART_IRQHandler)
    i.HAL_UART_Init                          0x08003940   Section        0  stm32f4xx_hal_uart.o(i.HAL_UART_Init)
    i.HAL_UART_MspInit                       0x080039b8   Section        0  usart.o(i.HAL_UART_MspInit)
    i.HAL_UART_RxCpltCallback                0x08003ad4   Section        0  stm32f4xx_hal_uart.o(i.HAL_UART_RxCpltCallback)
    i.HAL_UART_Transmit                      0x08003ad6   Section        0  stm32f4xx_hal_uart.o(i.HAL_UART_Transmit)
    i.HAL_UART_TxCpltCallback                0x08003b94   Section        0  stm32f4xx_hal_uart.o(i.HAL_UART_TxCpltCallback)
    i.HardFault_Handler                      0x08003b96   Section        0  stm32f4xx_it.o(i.HardFault_Handler)
    i.KeyControl_Update                      0x08003b9c   Section        0  bsp_command.o(i.KeyControl_Update)
    i.KeyDebug_PrintState                    0x08003e30   Section        0  bsp_command.o(i.KeyDebug_PrintState)
    KeyDebug_PrintState                      0x08003e31   Thumb Code    94  bsp_command.o(i.KeyDebug_PrintState)
    i.KeyLevelRPM                            0x08003eac   Section        0  bsp_command.o(i.KeyLevelRPM)
    KeyLevelRPM                              0x08003ead   Thumb Code    66  bsp_command.o(i.KeyLevelRPM)
    i.KeyNameString                          0x08003f04   Section        0  bsp_command.o(i.KeyNameString)
    KeyNameString                            0x08003f05   Thumb Code    38  bsp_command.o(i.KeyNameString)
    i.KeyPressedEdge                         0x08003f68   Section        0  bsp_command.o(i.KeyPressedEdge)
    KeyPressedEdge                           0x08003f69   Thumb Code    90  bsp_command.o(i.KeyPressedEdge)
    i.KeyRampRPM                             0x08003fd4   Section        0  bsp_command.o(i.KeyRampRPM)
    KeyRampRPM                               0x08003fd5   Thumb Code    66  bsp_command.o(i.KeyRampRPM)
    i.KeyRpmNearZero                         0x0800401c   Section        0  bsp_command.o(i.KeyRpmNearZero)
    KeyRpmNearZero                           0x0800401d   Thumb Code    36  bsp_command.o(i.KeyRpmNearZero)
    i.KeyTargetRPM                           0x08004040   Section        0  bsp_command.o(i.KeyTargetRPM)
    KeyTargetRPM                             0x08004041   Thumb Code    26  bsp_command.o(i.KeyTargetRPM)
    i.MX_ADC1_Init                           0x08004060   Section        0  adc.o(i.MX_ADC1_Init)
    i.MX_CRC_Init                            0x08004154   Section        0  crc.o(i.MX_CRC_Init)
    i.MX_DMA_Init                            0x08004174   Section        0  dma.o(i.MX_DMA_Init)
    i.MX_GPIO_Init                           0x080041bc   Section        0  gpio.o(i.MX_GPIO_Init)
    i.MX_TIM1_Init                           0x080042c8   Section        0  tim.o(i.MX_TIM1_Init)
    i.MX_TIM5_Init                           0x080043f0   Section        0  tim.o(i.MX_TIM5_Init)
    i.MX_USART1_UART_Init                    0x0800445c   Section        0  usart.o(i.MX_USART1_UART_Init)
    i.McDebug_PrintTransition                0x08004494   Section        0  bsp_motor.o(i.McDebug_PrintTransition)
    McDebug_PrintTransition                  0x08004495   Thumb Code    54  bsp_motor.o(i.McDebug_PrintTransition)
    i.MemManage_Handler                      0x080044fc   Section        0  stm32f4xx_it.o(i.MemManage_Handler)
    i.MotorControl_HandleUartCommand         0x08004500   Section        0  bsp_command.o(i.MotorControl_HandleUartCommand)
    i.MotorControl_StateMachineStep          0x0800472c   Section        0  bsp_motor.o(i.MotorControl_StateMachineStep)
    i.MotorControl_UpdateCommand             0x08004870   Section        0  bsp_motor.o(i.MotorControl_UpdateCommand)
    i.MotorProtection_CheckRunFaults         0x080048b8   Section        0  bsp_protection.o(i.MotorProtection_CheckRunFaults)
    i.MotorProtection_CheckVbus              0x080049bc   Section        0  bsp_protection.o(i.MotorProtection_CheckVbus)
    i.NMI_Handler                            0x08004a54   Section        0  stm32f4xx_it.o(i.NMI_Handler)
    i.ParaInit                               0x08004a58   Section        0  bsp_motor.o(i.ParaInit)
    i.PendSV_Handler                         0x08004a9c   Section        0  stm32f4xx_it.o(i.PendSV_Handler)
    i.SVC_Handler                            0x08004a9e   Section        0  stm32f4xx_it.o(i.SVC_Handler)
    i.StartPWM                               0x08004aa0   Section        0  bsp_pwm.o(i.StartPWM)
    i.StatusLed_AllOff                       0x08004ad8   Section        0  bsp_status_led.o(i.StatusLed_AllOff)
    i.StatusLed_Set                          0x08004b0c   Section        0  bsp_status_led.o(i.StatusLed_Set)
    i.StopPWM                                0x08004b74   Section        0  bsp_pwm.o(i.StopPWM)
    i.SysTick_Handler                        0x08004bac   Section        0  stm32f4xx_it.o(i.SysTick_Handler)
    i.SystemClock_Config                     0x08004bb4   Section        0  main.o(i.SystemClock_Config)
    i.SystemInit                             0x08004c6c   Section        0  system_stm32f4xx.o(i.SystemInit)
    i.TIM1_BRK_TIM9_IRQHandler               0x08004c80   Section        0  stm32f4xx_it.o(i.TIM1_BRK_TIM9_IRQHandler)
    i.TIM_Base_SetConfig                     0x08004c90   Section        0  stm32f4xx_hal_tim.o(i.TIM_Base_SetConfig)
    i.TIM_CCxChannelCmd                      0x08004d04   Section        0  stm32f4xx_hal_tim.o(i.TIM_CCxChannelCmd)
    i.TIM_CCxNChannelCmd                     0x08004d26   Section        0  stm32f4xx_hal_tim_ex.o(i.TIM_CCxNChannelCmd)
    TIM_CCxNChannelCmd                       0x08004d27   Thumb Code    34  stm32f4xx_hal_tim_ex.o(i.TIM_CCxNChannelCmd)
    i.TIM_ETR_SetConfig                      0x08004d48   Section        0  stm32f4xx_hal_tim.o(i.TIM_ETR_SetConfig)
    i.TIM_ITRx_SetConfig                     0x08004d5e   Section        0  stm32f4xx_hal_tim.o(i.TIM_ITRx_SetConfig)
    TIM_ITRx_SetConfig                       0x08004d5f   Thumb Code    18  stm32f4xx_hal_tim.o(i.TIM_ITRx_SetConfig)
    i.TIM_OC1_SetConfig                      0x08004d70   Section        0  stm32f4xx_hal_tim.o(i.TIM_OC1_SetConfig)
    TIM_OC1_SetConfig                        0x08004d71   Thumb Code    90  stm32f4xx_hal_tim.o(i.TIM_OC1_SetConfig)
    i.TIM_OC2_SetConfig                      0x08004dd0   Section        0  stm32f4xx_hal_tim.o(i.TIM_OC2_SetConfig)
    i.TIM_OC3_SetConfig                      0x08004e38   Section        0  stm32f4xx_hal_tim.o(i.TIM_OC3_SetConfig)
    TIM_OC3_SetConfig                        0x08004e39   Thumb Code    98  stm32f4xx_hal_tim.o(i.TIM_OC3_SetConfig)
    i.TIM_OC4_SetConfig                      0x08004ea0   Section        0  stm32f4xx_hal_tim.o(i.TIM_OC4_SetConfig)
    TIM_OC4_SetConfig                        0x08004ea1   Thumb Code    68  stm32f4xx_hal_tim.o(i.TIM_OC4_SetConfig)
    i.TIM_TI1_ConfigInputStage               0x08004ee8   Section        0  stm32f4xx_hal_tim.o(i.TIM_TI1_ConfigInputStage)
    TIM_TI1_ConfigInputStage                 0x08004ee9   Thumb Code    38  stm32f4xx_hal_tim.o(i.TIM_TI1_ConfigInputStage)
    i.TIM_TI2_ConfigInputStage               0x08004f0e   Section        0  stm32f4xx_hal_tim.o(i.TIM_TI2_ConfigInputStage)
    TIM_TI2_ConfigInputStage                 0x08004f0f   Thumb Code    40  stm32f4xx_hal_tim.o(i.TIM_TI2_ConfigInputStage)
    i.UART_DMAAbortOnError                   0x08004f36   Section        0  stm32f4xx_hal_uart.o(i.UART_DMAAbortOnError)
    UART_DMAAbortOnError                     0x08004f37   Thumb Code    18  stm32f4xx_hal_uart.o(i.UART_DMAAbortOnError)
    i.UART_EndRxTransfer                     0x08004f48   Section        0  stm32f4xx_hal_uart.o(i.UART_EndRxTransfer)
    UART_EndRxTransfer                       0x08004f49   Thumb Code   108  stm32f4xx_hal_uart.o(i.UART_EndRxTransfer)
    i.UART_EndTransmit_IT                    0x08004fb4   Section        0  stm32f4xx_hal_uart.o(i.UART_EndTransmit_IT)
    UART_EndTransmit_IT                      0x08004fb5   Thumb Code    32  stm32f4xx_hal_uart.o(i.UART_EndTransmit_IT)
    i.UART_Receive_IT                        0x08004fd4   Section        0  stm32f4xx_hal_uart.o(i.UART_Receive_IT)
    UART_Receive_IT                          0x08004fd5   Thumb Code   252  stm32f4xx_hal_uart.o(i.UART_Receive_IT)
    i.UART_SetConfig                         0x080050d0   Section        0  stm32f4xx_hal_uart.o(i.UART_SetConfig)
    UART_SetConfig                           0x080050d1   Thumb Code   546  stm32f4xx_hal_uart.o(i.UART_SetConfig)
    i.UART_Start_Receive_IT                  0x080052fc   Section        0  stm32f4xx_hal_uart.o(i.UART_Start_Receive_IT)
    i.UART_Transmit_IT                       0x0800533c   Section        0  stm32f4xx_hal_uart.o(i.UART_Transmit_IT)
    UART_Transmit_IT                         0x0800533d   Thumb Code    96  stm32f4xx_hal_uart.o(i.UART_Transmit_IT)
    i.UART_WaitOnFlagUntilTimeout            0x0800539c   Section        0  stm32f4xx_hal_uart.o(i.UART_WaitOnFlagUntilTimeout)
    UART_WaitOnFlagUntilTimeout              0x0800539d   Thumb Code   140  stm32f4xx_hal_uart.o(i.UART_WaitOnFlagUntilTimeout)
    i.USART1_IRQHandler                      0x08005428   Section        0  stm32f4xx_it.o(i.USART1_IRQHandler)
    i.UsageFault_Handler                     0x08005438   Section        0  stm32f4xx_it.o(i.UsageFault_Handler)
    i.__0printf$3                            0x0800543c   Section        0  printf3.o(i.__0printf$3)
    i.__ARM_fpclassifyf                      0x0800545c   Section        0  fpclassifyf.o(i.__ARM_fpclassifyf)
    i.__NVIC_GetPriorityGrouping             0x08005484   Section        0  stm32f4xx_hal_cortex.o(i.__NVIC_GetPriorityGrouping)
    __NVIC_GetPriorityGrouping               0x08005485   Thumb Code    10  stm32f4xx_hal_cortex.o(i.__NVIC_GetPriorityGrouping)
    i.__NVIC_SetPriority                     0x08005494   Section        0  stm32f4xx_hal_cortex.o(i.__NVIC_SetPriority)
    __NVIC_SetPriority                       0x08005495   Thumb Code    32  stm32f4xx_hal_cortex.o(i.__NVIC_SetPriority)
    i.__hardfp_cosf                          0x080054bc   Section        0  cosf.o(i.__hardfp_cosf)
    i.__hardfp_floorf                        0x0800560c   Section        0  floorf.o(i.__hardfp_floorf)
    i.__hardfp_fmaxf                         0x0800567c   Section        0  fmaxf.o(i.__hardfp_fmaxf)
    i.__hardfp_fminf                         0x080056c4   Section        0  fminf.o(i.__hardfp_fminf)
    i.__hardfp_fmodf                         0x0800570c   Section        0  fmodf.o(i.__hardfp_fmodf)
    i.__hardfp_sinf                          0x080057bc   Section        0  sinf.o(i.__hardfp_sinf)
    i.__mathlib_flt_infnan                   0x0800594c   Section        0  funder.o(i.__mathlib_flt_infnan)
    i.__mathlib_flt_invalid                  0x08005954   Section        0  funder.o(i.__mathlib_flt_invalid)
    i.__mathlib_flt_underflow                0x08005964   Section        0  funder.o(i.__mathlib_flt_underflow)
    i.__mathlib_rredf2                       0x08005974   Section        0  rredf.o(i.__mathlib_rredf2)
    i.__scatterload_copy                     0x08005ac8   Section       14  handlers.o(i.__scatterload_copy)
    i.__scatterload_null                     0x08005ad6   Section        2  handlers.o(i.__scatterload_null)
    i.__scatterload_zeroinit                 0x08005ad8   Section       14  handlers.o(i.__scatterload_zeroinit)
    i.__set_errno                            0x08005ae8   Section        0  errno.o(i.__set_errno)
    i._printf_core                           0x08005af4   Section        0  printf3.o(i._printf_core)
    _printf_core                             0x08005af5   Thumb Code   436  printf3.o(i._printf_core)
    i.delay_nop                              0x08005cac   Section        0  bsp_delay.o(i.delay_nop)
    i.fputc                                  0x08005cbc   Section        0  usart.o(i.fputc)
    i.main                                   0x08005cd8   Section        0  main.o(i.main)
    .constdata                               0x08005db0   Section        8  stm32f4xx_hal_dma.o(.constdata)
    flagBitshiftOffset                       0x08005db0   Data           8  stm32f4xx_hal_dma.o(.constdata)
    .constdata                               0x08005db8   Section       24  system_stm32f4xx.o(.constdata)
    .constdata                               0x08005dd0   Section      844  bsp_temperature.o(.constdata)
    RTD_TAB_PT100                            0x08005dd0   Data         844  bsp_temperature.o(.constdata)
    .constdata                               0x0800611c   Section        4  foc_current.o(.constdata)
    .constdata                               0x08006120   Section       32  rredf.o(.constdata)
    twooverpi                                0x08006120   Data          32  rredf.o(.constdata)
    .conststring                             0x08006140   Section       82  bsp_command.o(.conststring)
    .data                                    0x20000000   Section       10  main.o(.data)
    .data                                    0x2000000c   Section        8  crc.o(.data)
    .data                                    0x20000014   Section        9  stm32f4xx_hal.o(.data)
    .data                                    0x20000020   Section        4  system_stm32f4xx.o(.data)
    .data                                    0x20000024   Section       60  bsp_command.o(.data)
    key_motor_enable                         0x20000024   Data           1  bsp_command.o(.data)
    key_motor_dir                            0x20000025   Data           1  bsp_command.o(.data)
    key_pending_dir                          0x20000026   Data           1  bsp_command.o(.data)
    key_speed_level                          0x20000027   Data           1  bsp_command.o(.data)
    key_dir_change_active                    0x20000028   Data           1  bsp_command.o(.data)
    key_current_rpm                          0x2000002c   Data           4  bsp_command.o(.data)
    key_run                                  0x20000030   Data          12  bsp_command.o(.data)
    key_dir                                  0x2000003c   Data          12  bsp_command.o(.data)
    key_speed_up                             0x20000048   Data          12  bsp_command.o(.data)
    key_speed_down                           0x20000054   Data          12  bsp_command.o(.data)
    .data                                    0x20000060   Section       28  bsp_shared.o(.data)
    .data                                    0x2000007c   Section       10  bsp_temperature.o(.data)
    MotoTempAdd                              0x2000007c   Data           4  bsp_temperature.o(.data)
    Temp_time_count                          0x20000084   Data           2  bsp_temperature.o(.data)
    .data                                    0x20000088   Section       24  foc_current.o(.data)
    FOC_CURRENT_M_                           0x2000009c   Data           4  foc_current.o(.data)
    .data                                    0x200000a0   Section        4  stdout.o(.data)
    .data                                    0x200000a4   Section        4  errno.o(.data)
    _errno                                   0x200000a4   Data           4  errno.o(.data)
    .bss                                     0x200000a8   Section       72  adc.o(.bss)
    .bss                                     0x200000f0   Section      144  tim.o(.bss)
    .bss                                     0x20000180   Section      264  usart.o(.bss)
    .bss                                     0x20000288   Section     1000  stm32f4xx_it.o(.bss)
    .bss                                     0x20000670   Section      100  bsp_shared.o(.bss)
    .bss                                     0x200006d4   Section      100  foc_current.o(.bss)
    STACK                                    0x20000738   Section     1024  startup_stm32f410cx.o(STACK)

    Global Symbols

    Symbol Name                              Value     Ov Type        Size  Object(Section)

    BuildAttributes$$THM_ISAv4$E$P$D$K$B$S$7EM$VFPi3$EXTD16$VFPS$VFMA$PE$A:L22UL41UL21$X:L11$S22US41US21$IEEE1$IW$USESV6$~STKCKD$USESV7$~SHL$OTIME$ROPI$IEEEX$EBA8$MICROLIB$REQ8$PRES8$EABIv2 0x00000000   Number         0  anon$$obj.o ABSOLUTE
    __ARM_use_no_argv                        0x00000000   Number         0  main.o ABSOLUTE
    _printf_a                                0x00000000   Number         0  stubs.o ABSOLUTE
    _printf_c                                0x00000000   Number         0  stubs.o ABSOLUTE
    _printf_charcount                        0x00000000   Number         0  stubs.o ABSOLUTE
    _printf_d                                0x00000000   Number         0  stubs.o ABSOLUTE
    _printf_e                                0x00000000   Number         0  stubs.o ABSOLUTE
    _printf_f                                0x00000000   Number         0  stubs.o ABSOLUTE
    _printf_flags                            0x00000000   Number         0  stubs.o ABSOLUTE
    _printf_fp_dec                           0x00000000   Number         0  stubs.o ABSOLUTE
    _printf_fp_hex                           0x00000000   Number         0  stubs.o ABSOLUTE
    _printf_g                                0x00000000   Number         0  stubs.o ABSOLUTE
    _printf_i                                0x00000000   Number         0  stubs.o ABSOLUTE
    _printf_int_dec                          0x00000000   Number         0  stubs.o ABSOLUTE
    _printf_l                                0x00000000   Number         0  stubs.o ABSOLUTE
    _printf_lc                               0x00000000   Number         0  stubs.o ABSOLUTE
    _printf_ll                               0x00000000   Number         0  stubs.o ABSOLUTE
    _printf_lld                              0x00000000   Number         0  stubs.o ABSOLUTE
    _printf_lli                              0x00000000   Number         0  stubs.o ABSOLUTE
    _printf_llo                              0x00000000   Number         0  stubs.o ABSOLUTE
    _printf_llu                              0x00000000   Number         0  stubs.o ABSOLUTE
    _printf_llx                              0x00000000   Number         0  stubs.o ABSOLUTE
    _printf_longlong_dec                     0x00000000   Number         0  stubs.o ABSOLUTE
    _printf_longlong_hex                     0x00000000   Number         0  stubs.o ABSOLUTE
    _printf_longlong_oct                     0x00000000   Number         0  stubs.o ABSOLUTE
    _printf_ls                               0x00000000   Number         0  stubs.o ABSOLUTE
    _printf_mbtowc                           0x00000000   Number         0  stubs.o ABSOLUTE
    _printf_n                                0x00000000   Number         0  stubs.o ABSOLUTE
    _printf_o                                0x00000000   Number         0  stubs.o ABSOLUTE
    _printf_p                                0x00000000   Number         0  stubs.o ABSOLUTE
    _printf_percent                          0x00000000   Number         0  stubs.o ABSOLUTE
    _printf_pre_padding                      0x00000000   Number         0  stubs.o ABSOLUTE
    _printf_return_value                     0x00000000   Number         0  stubs.o ABSOLUTE
    _printf_s                                0x00000000   Number         0  stubs.o ABSOLUTE
    _printf_sizespec                         0x00000000   Number         0  stubs.o ABSOLUTE
    _printf_str                              0x00000000   Number         0  stubs.o ABSOLUTE
    _printf_truncate_signed                  0x00000000   Number         0  stubs.o ABSOLUTE
    _printf_truncate_unsigned                0x00000000   Number         0  stubs.o ABSOLUTE
    _printf_u                                0x00000000   Number         0  stubs.o ABSOLUTE
    _printf_wc                               0x00000000   Number         0  stubs.o ABSOLUTE
    _printf_wctomb                           0x00000000   Number         0  stubs.o ABSOLUTE
    _printf_widthprec                        0x00000000   Number         0  stubs.o ABSOLUTE
    _printf_x                                0x00000000   Number         0  stubs.o ABSOLUTE
    __arm_fini_                               - Undefined Weak Reference
    __cpp_initialize__aeabi_                  - Undefined Weak Reference
    __cxa_finalize                            - Undefined Weak Reference
    __decompress                              - Undefined Weak Reference
    _clock_init                               - Undefined Weak Reference
    _microlib_exit                            - Undefined Weak Reference
    __Vectors_Size                           0x000001c8   Number         0  startup_stm32f410cx.o ABSOLUTE
    __Vectors                                0x08000000   Data           4  startup_stm32f410cx.o(RESET)
    __Vectors_End                            0x080001c8   Data           0  startup_stm32f410cx.o(RESET)
    __main                                   0x080001c9   Thumb Code     0  entry.o(.ARM.Collect$$$$00000000)
    _main_stk                                0x080001c9   Thumb Code     0  entry2.o(.ARM.Collect$$$$00000001)
    _main_scatterload                        0x080001cd   Thumb Code     0  entry5.o(.ARM.Collect$$$$00000004)
    __main_after_scatterload                 0x080001d1   Thumb Code     0  entry5.o(.ARM.Collect$$$$00000004)
    _main_clock                              0x080001d1   Thumb Code     0  entry7b.o(.ARM.Collect$$$$00000008)
    _main_cpp_init                           0x080001d1   Thumb Code     0  entry8b.o(.ARM.Collect$$$$0000000A)
    _main_init                               0x080001d1   Thumb Code     0  entry9a.o(.ARM.Collect$$$$0000000B)
    __rt_lib_shutdown_fini                   0x080001d9   Thumb Code     0  entry12b.o(.ARM.Collect$$$$0000000E)
    __rt_final_cpp                           0x080001dd   Thumb Code     0  entry10a.o(.ARM.Collect$$$$0000000F)
    __rt_final_exit                          0x080001dd   Thumb Code     0  entry11a.o(.ARM.Collect$$$$00000011)
    Reset_Handler                            0x080001e1   Thumb Code     8  startup_stm32f410cx.o(.text)
    DMA1_Stream0_IRQHandler                  0x080001fb   Thumb Code     0  startup_stm32f410cx.o(.text)
    DMA1_Stream1_IRQHandler                  0x080001fb   Thumb Code     0  startup_stm32f410cx.o(.text)
    DMA1_Stream2_IRQHandler                  0x080001fb   Thumb Code     0  startup_stm32f410cx.o(.text)
    DMA1_Stream3_IRQHandler                  0x080001fb   Thumb Code     0  startup_stm32f410cx.o(.text)
    DMA1_Stream4_IRQHandler                  0x080001fb   Thumb Code     0  startup_stm32f410cx.o(.text)
    DMA1_Stream5_IRQHandler                  0x080001fb   Thumb Code     0  startup_stm32f410cx.o(.text)
    DMA1_Stream6_IRQHandler                  0x080001fb   Thumb Code     0  startup_stm32f410cx.o(.text)
    DMA1_Stream7_IRQHandler                  0x080001fb   Thumb Code     0  startup_stm32f410cx.o(.text)
    DMA2_Stream0_IRQHandler                  0x080001fb   Thumb Code     0  startup_stm32f410cx.o(.text)
    DMA2_Stream1_IRQHandler                  0x080001fb   Thumb Code     0  startup_stm32f410cx.o(.text)
    DMA2_Stream3_IRQHandler                  0x080001fb   Thumb Code     0  startup_stm32f410cx.o(.text)
    DMA2_Stream4_IRQHandler                  0x080001fb   Thumb Code     0  startup_stm32f410cx.o(.text)
    DMA2_Stream5_IRQHandler                  0x080001fb   Thumb Code     0  startup_stm32f410cx.o(.text)
    DMA2_Stream6_IRQHandler                  0x080001fb   Thumb Code     0  startup_stm32f410cx.o(.text)
    EXTI0_IRQHandler                         0x080001fb   Thumb Code     0  startup_stm32f410cx.o(.text)
    EXTI15_10_IRQHandler                     0x080001fb   Thumb Code     0  startup_stm32f410cx.o(.text)
    EXTI1_IRQHandler                         0x080001fb   Thumb Code     0  startup_stm32f410cx.o(.text)
    EXTI2_IRQHandler                         0x080001fb   Thumb Code     0  startup_stm32f410cx.o(.text)
    EXTI3_IRQHandler                         0x080001fb   Thumb Code     0  startup_stm32f410cx.o(.text)
    EXTI4_IRQHandler                         0x080001fb   Thumb Code     0  startup_stm32f410cx.o(.text)
    EXTI9_5_IRQHandler                       0x080001fb   Thumb Code     0  startup_stm32f410cx.o(.text)
    FLASH_IRQHandler                         0x080001fb   Thumb Code     0  startup_stm32f410cx.o(.text)
    FMPI2C1_ER_IRQHandler                    0x080001fb   Thumb Code     0  startup_stm32f410cx.o(.text)
    FMPI2C1_EV_IRQHandler                    0x080001fb   Thumb Code     0  startup_stm32f410cx.o(.text)
    FPU_IRQHandler                           0x080001fb   Thumb Code     0  startup_stm32f410cx.o(.text)
    I2C1_ER_IRQHandler                       0x080001fb   Thumb Code     0  startup_stm32f410cx.o(.text)
    I2C1_EV_IRQHandler                       0x080001fb   Thumb Code     0  startup_stm32f410cx.o(.text)
    I2C2_ER_IRQHandler                       0x080001fb   Thumb Code     0  startup_stm32f410cx.o(.text)
    I2C2_EV_IRQHandler                       0x080001fb   Thumb Code     0  startup_stm32f410cx.o(.text)
    LPTIM1_IRQHandler                        0x080001fb   Thumb Code     0  startup_stm32f410cx.o(.text)
    PVD_IRQHandler                           0x080001fb   Thumb Code     0  startup_stm32f410cx.o(.text)
    RCC_IRQHandler                           0x080001fb   Thumb Code     0  startup_stm32f410cx.o(.text)
    RNG_IRQHandler                           0x080001fb   Thumb Code     0  startup_stm32f410cx.o(.text)
    RTC_Alarm_IRQHandler                     0x080001fb   Thumb Code     0  startup_stm32f410cx.o(.text)
    RTC_WKUP_IRQHandler                      0x080001fb   Thumb Code     0  startup_stm32f410cx.o(.text)
    SPI1_IRQHandler                          0x080001fb   Thumb Code     0  startup_stm32f410cx.o(.text)
    SPI2_IRQHandler                          0x080001fb   Thumb Code     0  startup_stm32f410cx.o(.text)
    SPI5_IRQHandler                          0x080001fb   Thumb Code     0  startup_stm32f410cx.o(.text)
    TAMP_STAMP_IRQHandler                    0x080001fb   Thumb Code     0  startup_stm32f410cx.o(.text)
    TIM1_CC_IRQHandler                       0x080001fb   Thumb Code     0  startup_stm32f410cx.o(.text)
    TIM1_TRG_COM_TIM11_IRQHandler            0x080001fb   Thumb Code     0  startup_stm32f410cx.o(.text)
    TIM1_UP_IRQHandler                       0x080001fb   Thumb Code     0  startup_stm32f410cx.o(.text)
    TIM5_IRQHandler                          0x080001fb   Thumb Code     0  startup_stm32f410cx.o(.text)
    TIM6_DAC_IRQHandler                      0x080001fb   Thumb Code     0  startup_stm32f410cx.o(.text)
    USART2_IRQHandler                        0x080001fb   Thumb Code     0  startup_stm32f410cx.o(.text)
    USART6_IRQHandler                        0x080001fb   Thumb Code     0  startup_stm32f410cx.o(.text)
    WWDG_IRQHandler                          0x080001fb   Thumb Code     0  startup_stm32f410cx.o(.text)
    __aeabi_uldivmod                         0x08000205   Thumb Code    98  uldiv.o(.text)
    __aeabi_memset                           0x08000267   Thumb Code    14  memseta.o(.text)
    __aeabi_memset4                          0x08000267   Thumb Code     0  memseta.o(.text)
    __aeabi_memset8                          0x08000267   Thumb Code     0  memseta.o(.text)
    __aeabi_memclr                           0x08000275   Thumb Code     4  memseta.o(.text)
    __aeabi_memclr4                          0x08000275   Thumb Code     0  memseta.o(.text)
    __aeabi_memclr8                          0x08000275   Thumb Code     0  memseta.o(.text)
    _memset$wrapper                          0x08000279   Thumb Code    18  memseta.o(.text)
    __aeabi_uidiv                            0x0800028b   Thumb Code     0  uidiv.o(.text)
    __aeabi_uidivmod                         0x0800028b   Thumb Code    44  uidiv.o(.text)
    __aeabi_llsl                             0x080002b7   Thumb Code    30  llshl.o(.text)
    _ll_shift_l                              0x080002b7   Thumb Code     0  llshl.o(.text)
    __aeabi_llsr                             0x080002d5   Thumb Code    32  llushr.o(.text)
    _ll_ushift_r                             0x080002d5   Thumb Code     0  llushr.o(.text)
    __I$use$fp                               0x080002f5   Thumb Code     0  iusefp.o(.text)
    _frem                                    0x080002f5   Thumb Code    82  frem.o(.text)
    __ARM_fcmp4                              0x08000347   Thumb Code    54  fcmp4.o(.text)
    _fcmp4                                   0x08000347   Thumb Code     0  fcmp4.o(.text)
    __scatterload                            0x0800037d   Thumb Code    28  init.o(.text)
    __scatterload_rt2                        0x0800037d   Thumb Code     0  init.o(.text)
    _float_round                             0x080003a1   Thumb Code    18  fepilogue.o(.text)
    _float_epilogue                          0x080003b3   Thumb Code    92  fepilogue.o(.text)
    ADC_IRQHandler                           0x08000411   Thumb Code    10  stm32f4xx_it.o(i.ADC_IRQHandler)
    BspAdcSample_Update                      0x08000581   Thumb Code   158  bsp_adc.o(i.BspAdcSample_Update)
    BspTemperature_Accumulate                0x08000639   Thumb Code    80  bsp_temperature.o(i.BspTemperature_Accumulate)
    BspTemperature_FilterTick                0x08000695   Thumb Code    72  bsp_temperature.o(i.BspTemperature_FilterTick)
    BusFault_Handler                         0x080006f1   Thumb Code     4  stm32f4xx_it.o(i.BusFault_Handler)
    CalculateTemperature                     0x080006f5   Thumb Code   220  bsp_temperature.o(i.CalculateTemperature)
    DMA2_Stream2_IRQHandler                  0x080009d9   Thumb Code    10  stm32f4xx_it.o(i.DMA2_Stream2_IRQHandler)
    DMA2_Stream7_IRQHandler                  0x080009e9   Thumb Code    10  stm32f4xx_it.o(i.DMA2_Stream7_IRQHandler)
    DebugMon_Handler                         0x08000ad7   Thumb Code     2  stm32f4xx_it.o(i.DebugMon_Handler)
    Error_Handler                            0x08000ad9   Thumb Code     6  main.o(i.Error_Handler)
    FOC_CURRENT_CTRL_CUR                     0x08000ae1   Thumb Code   852  foc_current.o(i.FOC_CURRENT_CTRL_CUR)
    FOC_CURRENT_InvPark                      0x08000e49   Thumb Code    58  foc_current.o(i.FOC_CURRENT_InvPark)
    FOC_CURRENT_Park                         0x08000e83   Thumb Code    70  foc_current.o(i.FOC_CURRENT_Park)
    FOC_CURRENT_SVPWM2                       0x08000ec9   Thumb Code   254  foc_current.o(i.FOC_CURRENT_SVPWM2)
    FOC_CURRENT_initialize                   0x08000fd1   Thumb Code    62  foc_current.o(i.FOC_CURRENT_initialize)
    FOC_CURRENT_step                         0x08001021   Thumb Code  1188  foc_current.o(i.FOC_CURRENT_step)
    HAL_ADCEx_InjectedConfigChannel          0x080014d1   Thumb Code   540  stm32f4xx_hal_adc_ex.o(i.HAL_ADCEx_InjectedConfigChannel)
    HAL_ADCEx_InjectedConvCpltCallback       0x080016f9   Thumb Code    74  int_bsp.o(i.HAL_ADCEx_InjectedConvCpltCallback)
    HAL_ADCEx_InjectedGetValue               0x08001751   Thumb Code    70  stm32f4xx_hal_adc_ex.o(i.HAL_ADCEx_InjectedGetValue)
    HAL_ADCEx_InjectedStart_IT               0x08001799   Thumb Code   282  stm32f4xx_hal_adc_ex.o(i.HAL_ADCEx_InjectedStart_IT)
    HAL_ADC_ConfigChannel                    0x080018c5   Thumb Code   380  stm32f4xx_hal_adc.o(i.HAL_ADC_ConfigChannel)
    HAL_ADC_ConvCpltCallback                 0x08001a51   Thumb Code     2  stm32f4xx_hal_adc.o(i.HAL_ADC_ConvCpltCallback)
    HAL_ADC_ErrorCallback                    0x08001a53   Thumb Code     2  stm32f4xx_hal_adc.o(i.HAL_ADC_ErrorCallback)
    HAL_ADC_IRQHandler                       0x08001a55   Thumb Code   354  stm32f4xx_hal_adc.o(i.HAL_ADC_IRQHandler)
    HAL_ADC_Init                             0x08001bb9   Thumb Code   100  stm32f4xx_hal_adc.o(i.HAL_ADC_Init)
    HAL_ADC_LevelOutOfWindowCallback         0x08001c21   Thumb Code     2  stm32f4xx_hal_adc.o(i.HAL_ADC_LevelOutOfWindowCallback)
    HAL_ADC_MspInit                          0x08001c25   Thumb Code   130  adc.o(i.HAL_ADC_MspInit)
    HAL_CRC_Init                             0x08001cb5   Thumb Code    32  stm32f4xx_hal_crc.o(i.HAL_CRC_Init)
    HAL_CRC_MspInit                          0x08001cd5   Thumb Code    44  crc.o(i.HAL_CRC_MspInit)
    HAL_DMA_Abort                            0x08001d09   Thumb Code   172  stm32f4xx_hal_dma.o(i.HAL_DMA_Abort)
    HAL_DMA_Abort_IT                         0x08001db5   Thumb Code    40  stm32f4xx_hal_dma.o(i.HAL_DMA_Abort_IT)
    HAL_DMA_IRQHandler                       0x08001ddd   Thumb Code   570  stm32f4xx_hal_dma.o(i.HAL_DMA_IRQHandler)
    HAL_DMA_Init                             0x0800201d   Thumb Code   232  stm32f4xx_hal_dma.o(i.HAL_DMA_Init)
    HAL_Delay                                0x08002109   Thumb Code    36  stm32f4xx_hal.o(i.HAL_Delay)
    HAL_GPIO_Init                            0x08002131   Thumb Code   404  stm32f4xx_hal_gpio.o(i.HAL_GPIO_Init)
    HAL_GPIO_ReadPin                         0x080022dd   Thumb Code    16  stm32f4xx_hal_gpio.o(i.HAL_GPIO_ReadPin)
    HAL_GPIO_WritePin                        0x080022ed   Thumb Code    12  stm32f4xx_hal_gpio.o(i.HAL_GPIO_WritePin)
    HAL_GetTick                              0x080022f9   Thumb Code     6  stm32f4xx_hal.o(i.HAL_GetTick)
    HAL_IncTick                              0x08002305   Thumb Code    16  stm32f4xx_hal.o(i.HAL_IncTick)
    HAL_Init                                 0x0800231d   Thumb Code    54  stm32f4xx_hal.o(i.HAL_Init)
    HAL_InitTick                             0x08002359   Thumb Code    64  stm32f4xx_hal.o(i.HAL_InitTick)
    HAL_MspInit                              0x080023a5   Thumb Code    68  stm32f4xx_hal_msp.o(i.HAL_MspInit)
    HAL_NVIC_EnableIRQ                       0x080023ed   Thumb Code    40  stm32f4xx_hal_cortex.o(i.HAL_NVIC_EnableIRQ)
    HAL_NVIC_SetPriority                     0x08002415   Thumb Code   124  stm32f4xx_hal_cortex.o(i.HAL_NVIC_SetPriority)
    HAL_NVIC_SetPriorityGrouping             0x08002491   Thumb Code    32  stm32f4xx_hal_cortex.o(i.HAL_NVIC_SetPriorityGrouping)
    HAL_RCC_ClockConfig                      0x080024b9   Thumb Code   368  stm32f4xx_hal_rcc.o(i.HAL_RCC_ClockConfig)
    HAL_RCC_GetHCLKFreq                      0x0800263d   Thumb Code     6  stm32f4xx_hal_rcc.o(i.HAL_RCC_GetHCLKFreq)
    HAL_RCC_GetPCLK1Freq                     0x08002649   Thumb Code    22  stm32f4xx_hal_rcc.o(i.HAL_RCC_GetPCLK1Freq)
    HAL_RCC_GetPCLK2Freq                     0x08002669   Thumb Code    22  stm32f4xx_hal_rcc.o(i.HAL_RCC_GetPCLK2Freq)
    HAL_RCC_GetSysClockFreq                  0x08002689   Thumb Code   162  stm32f4xx_hal_rcc.o(i.HAL_RCC_GetSysClockFreq)
    HAL_RCC_OscConfig                        0x08002739   Thumb Code  1192  stm32f4xx_hal_rcc_ex.o(i.HAL_RCC_OscConfig)
    HAL_SYSTICK_Config                       0x08002be9   Thumb Code    52  stm32f4xx_hal_cortex.o(i.HAL_SYSTICK_Config)
    HAL_TIMEx_BreakCallback                  0x08002c1d   Thumb Code     2  stm32f4xx_hal_tim_ex.o(i.HAL_TIMEx_BreakCallback)
    HAL_TIMEx_CommutCallback                 0x08002c1f   Thumb Code     2  stm32f4xx_hal_tim_ex.o(i.HAL_TIMEx_CommutCallback)
    HAL_TIMEx_ConfigBreakDeadTime            0x08002c21   Thumb Code   116  stm32f4xx_hal_tim_ex.o(i.HAL_TIMEx_ConfigBreakDeadTime)
    HAL_TIMEx_MasterConfigSynchronization    0x08002c95   Thumb Code   110  stm32f4xx_hal_tim_ex.o(i.HAL_TIMEx_MasterConfigSynchronization)
    HAL_TIMEx_PWMN_Start                     0x08002d11   Thumb Code   174  stm32f4xx_hal_tim_ex.o(i.HAL_TIMEx_PWMN_Start)
    HAL_TIMEx_PWMN_Stop                      0x08002dcd   Thumb Code   136  stm32f4xx_hal_tim_ex.o(i.HAL_TIMEx_PWMN_Stop)
    HAL_TIM_Base_Init                        0x08002e55   Thumb Code   102  stm32f4xx_hal_tim.o(i.HAL_TIM_Base_Init)
    HAL_TIM_Base_MspInit                     0x08002ebd   Thumb Code   108  tim.o(i.HAL_TIM_Base_MspInit)
    HAL_TIM_Base_Start                       0x08002f35   Thumb Code    86  stm32f4xx_hal_tim.o(i.HAL_TIM_Base_Start)
    HAL_TIM_ConfigClockSource                0x08002f99   Thumb Code   268  stm32f4xx_hal_tim.o(i.HAL_TIM_ConfigClockSource)
    HAL_TIM_IC_CaptureCallback               0x080030a5   Thumb Code     2  stm32f4xx_hal_tim.o(i.HAL_TIM_IC_CaptureCallback)
    HAL_TIM_IRQHandler                       0x080030a7   Thumb Code   364  stm32f4xx_hal_tim.o(i.HAL_TIM_IRQHandler)
    HAL_TIM_MspPostInit                      0x08003215   Thumb Code   142  tim.o(i.HAL_TIM_MspPostInit)
    HAL_TIM_OC_DelayElapsedCallback          0x080032b5   Thumb Code     2  stm32f4xx_hal_tim.o(i.HAL_TIM_OC_DelayElapsedCallback)
    HAL_TIM_PWM_ConfigChannel                0x080032b7   Thumb Code   260  stm32f4xx_hal_tim.o(i.HAL_TIM_PWM_ConfigChannel)
    HAL_TIM_PWM_Init                         0x080033bb   Thumb Code   102  stm32f4xx_hal_tim.o(i.HAL_TIM_PWM_Init)
    HAL_TIM_PWM_MspInit                      0x08003421   Thumb Code     2  stm32f4xx_hal_tim.o(i.HAL_TIM_PWM_MspInit)
    HAL_TIM_PWM_PulseFinishedCallback        0x08003423   Thumb Code     2  stm32f4xx_hal_tim.o(i.HAL_TIM_PWM_PulseFinishedCallback)
    HAL_TIM_PWM_Start                        0x08003425   Thumb Code   190  stm32f4xx_hal_tim.o(i.HAL_TIM_PWM_Start)
    HAL_TIM_PWM_Stop                         0x080034f1   Thumb Code   152  stm32f4xx_hal_tim.o(i.HAL_TIM_PWM_Stop)
    HAL_TIM_PeriodElapsedCallback            0x0800358d   Thumb Code     2  stm32f4xx_hal_tim.o(i.HAL_TIM_PeriodElapsedCallback)
    HAL_TIM_TriggerCallback                  0x0800358f   Thumb Code     2  stm32f4xx_hal_tim.o(i.HAL_TIM_TriggerCallback)
    HAL_UARTEx_ReceiveToIdle_IT              0x08003591   Thumb Code   114  stm32f4xx_hal_uart.o(i.HAL_UARTEx_ReceiveToIdle_IT)
    HAL_UARTEx_RxEventCallback               0x08003605   Thumb Code    36  stm32f4xx_it.o(i.HAL_UARTEx_RxEventCallback)
    HAL_UART_ErrorCallback                   0x08003635   Thumb Code     2  stm32f4xx_hal_uart.o(i.HAL_UART_ErrorCallback)
    HAL_UART_IRQHandler                      0x08003639   Thumb Code   772  stm32f4xx_hal_uart.o(i.HAL_UART_IRQHandler)
    HAL_UART_Init                            0x08003941   Thumb Code   118  stm32f4xx_hal_uart.o(i.HAL_UART_Init)
    HAL_UART_MspInit                         0x080039b9   Thumb Code   258  usart.o(i.HAL_UART_MspInit)
    HAL_UART_RxCpltCallback                  0x08003ad5   Thumb Code     2  stm32f4xx_hal_uart.o(i.HAL_UART_RxCpltCallback)
    HAL_UART_Transmit                        0x08003ad7   Thumb Code   190  stm32f4xx_hal_uart.o(i.HAL_UART_Transmit)
    HAL_UART_TxCpltCallback                  0x08003b95   Thumb Code     2  stm32f4xx_hal_uart.o(i.HAL_UART_TxCpltCallback)
    HardFault_Handler                        0x08003b97   Thumb Code     4  stm32f4xx_it.o(i.HardFault_Handler)
    KeyControl_Update                        0x08003b9d   Thumb Code   506  bsp_command.o(i.KeyControl_Update)
    MX_ADC1_Init                             0x08004061   Thumb Code   230  adc.o(i.MX_ADC1_Init)
    MX_CRC_Init                              0x08004155   Thumb Code    22  crc.o(i.MX_CRC_Init)
    MX_DMA_Init                              0x08004175   Thumb Code    68  dma.o(i.MX_DMA_Init)
    MX_GPIO_Init                             0x080041bd   Thumb Code   246  gpio.o(i.MX_GPIO_Init)
    MX_TIM1_Init                             0x080042c9   Thumb Code   286  tim.o(i.MX_TIM1_Init)
    MX_TIM5_Init                             0x080043f1   Thumb Code   100  tim.o(i.MX_TIM5_Init)
    MX_USART1_UART_Init                      0x0800445d   Thumb Code    46  usart.o(i.MX_USART1_UART_Init)
    MemManage_Handler                        0x080044fd   Thumb Code     4  stm32f4xx_it.o(i.MemManage_Handler)
    MotorControl_HandleUartCommand           0x08004501   Thumb Code   392  bsp_command.o(i.MotorControl_HandleUartCommand)
    MotorControl_StateMachineStep            0x0800472d   Thumb Code   278  bsp_motor.o(i.MotorControl_StateMachineStep)
    MotorControl_UpdateCommand               0x08004871   Thumb Code    60  bsp_motor.o(i.MotorControl_UpdateCommand)
    MotorProtection_CheckRunFaults           0x080048b9   Thumb Code   244  bsp_protection.o(i.MotorProtection_CheckRunFaults)
    MotorProtection_CheckVbus                0x080049bd   Thumb Code   146  bsp_protection.o(i.MotorProtection_CheckVbus)
    NMI_Handler                              0x08004a55   Thumb Code     4  stm32f4xx_it.o(i.NMI_Handler)
    ParaInit                                 0x08004a59   Thumb Code    40  bsp_motor.o(i.ParaInit)
    PendSV_Handler                           0x08004a9d   Thumb Code     2  stm32f4xx_it.o(i.PendSV_Handler)
    SVC_Handler                              0x08004a9f   Thumb Code     2  stm32f4xx_it.o(i.SVC_Handler)
    StartPWM                                 0x08004aa1   Thumb Code    52  bsp_pwm.o(i.StartPWM)
    StatusLed_AllOff                         0x08004ad9   Thumb Code    44  bsp_status_led.o(i.StatusLed_AllOff)
    StatusLed_Set                            0x08004b0d   Thumb Code    94  bsp_status_led.o(i.StatusLed_Set)
    StopPWM                                  0x08004b75   Thumb Code    52  bsp_pwm.o(i.StopPWM)
    SysTick_Handler                          0x08004bad   Thumb Code     8  stm32f4xx_it.o(i.SysTick_Handler)
    SystemClock_Config                       0x08004bb5   Thumb Code   176  main.o(i.SystemClock_Config)
    SystemInit                               0x08004c6d   Thumb Code    14  system_stm32f4xx.o(i.SystemInit)
    TIM1_BRK_TIM9_IRQHandler                 0x08004c81   Thumb Code    10  stm32f4xx_it.o(i.TIM1_BRK_TIM9_IRQHandler)
    TIM_Base_SetConfig                       0x08004c91   Thumb Code   100  stm32f4xx_hal_tim.o(i.TIM_Base_SetConfig)
    TIM_CCxChannelCmd                        0x08004d05   Thumb Code    34  stm32f4xx_hal_tim.o(i.TIM_CCxChannelCmd)
    TIM_ETR_SetConfig                        0x08004d49   Thumb Code    22  stm32f4xx_hal_tim.o(i.TIM_ETR_SetConfig)
    TIM_OC2_SetConfig                        0x08004dd1   Thumb Code   100  stm32f4xx_hal_tim.o(i.TIM_OC2_SetConfig)
    UART_Start_Receive_IT                    0x080052fd   Thumb Code    64  stm32f4xx_hal_uart.o(i.UART_Start_Receive_IT)
    USART1_IRQHandler                        0x08005429   Thumb Code    10  stm32f4xx_it.o(i.USART1_IRQHandler)
    UsageFault_Handler                       0x08005439   Thumb Code     4  stm32f4xx_it.o(i.UsageFault_Handler)
    __0printf$3                              0x0800543d   Thumb Code    22  printf3.o(i.__0printf$3)
    __1printf$3                              0x0800543d   Thumb Code     0  printf3.o(i.__0printf$3)
    __2printf                                0x0800543d   Thumb Code     0  printf3.o(i.__0printf$3)
    __ARM_fpclassifyf                        0x0800545d   Thumb Code    38  fpclassifyf.o(i.__ARM_fpclassifyf)
    __hardfp_cosf                            0x080054bd   Thumb Code   280  cosf.o(i.__hardfp_cosf)
    __hardfp_floorf                          0x0800560d   Thumb Code    98  floorf.o(i.__hardfp_floorf)
    __hardfp_fmaxf                           0x0800567d   Thumb Code    72  fmaxf.o(i.__hardfp_fmaxf)
    __hardfp_fminf                           0x080056c5   Thumb Code    72  fminf.o(i.__hardfp_fminf)
    __hardfp_fmodf                           0x0800570d   Thumb Code   176  fmodf.o(i.__hardfp_fmodf)
    __hardfp_sinf                            0x080057bd   Thumb Code   344  sinf.o(i.__hardfp_sinf)
    __mathlib_flt_infnan                     0x0800594d   Thumb Code     6  funder.o(i.__mathlib_flt_infnan)
    __mathlib_flt_invalid                    0x08005955   Thumb Code    10  funder.o(i.__mathlib_flt_invalid)
    __mathlib_flt_underflow                  0x08005965   Thumb Code    10  funder.o(i.__mathlib_flt_underflow)
    __mathlib_rredf2                         0x08005975   Thumb Code   316  rredf.o(i.__mathlib_rredf2)
    __scatterload_copy                       0x08005ac9   Thumb Code    14  handlers.o(i.__scatterload_copy)
    __scatterload_null                       0x08005ad7   Thumb Code     2  handlers.o(i.__scatterload_null)
    __scatterload_zeroinit                   0x08005ad9   Thumb Code    14  handlers.o(i.__scatterload_zeroinit)
    __set_errno                              0x08005ae9   Thumb Code     6  errno.o(i.__set_errno)
    delay_nop                                0x08005cad   Thumb Code    16  bsp_delay.o(i.delay_nop)
    fputc                                    0x08005cbd   Thumb Code    22  usart.o(i.fputc)
    main                                     0x08005cd9   Thumb Code   170  main.o(i.main)
    AHBPrescTable                            0x08005db8   Data          16  system_stm32f4xx.o(.constdata)
    APBPrescTable                            0x08005dc8   Data           8  system_stm32f4xx.o(.constdata)
    FOC_CURRENT_M                            0x0800611c   Data           4  foc_current.o(.constdata)
    Region$$Table$$Base                      0x08006194   Number         0  anon$$obj.o(Region$$Table)
    Region$$Table$$Limit                     0x080061b4   Number         0  anon$$obj.o(Region$$Table)
    KeyAddTime                               0x20000000   Data           4  main.o(.data)
    RPM1                                     0x20000004   Data           2  main.o(.data)
    RPM2                                     0x20000006   Data           2  main.o(.data)
    RPM3                                     0x20000008   Data           2  main.o(.data)
    hcrc                                     0x2000000c   Data           8  crc.o(.data)
    uwTick                                   0x20000014   Data           4  stm32f4xx_hal.o(.data)
    uwTickPrio                               0x20000018   Data           4  stm32f4xx_hal.o(.data)
    uwTickFreq                               0x2000001c   Data           1  stm32f4xx_hal.o(.data)
    SystemCoreClock                          0x20000020   Data           4  system_stm32f4xx.o(.data)
    forwardTimeCnt                           0x20000060   Data           4  bsp_shared.o(.data)
    backTimeCnt                              0x20000064   Data           4  bsp_shared.o(.data)
    positionTimeCnt                          0x20000068   Data           4  bsp_shared.o(.data)
    speedSelectTimeCnt                       0x2000006c   Data           4  bsp_shared.o(.data)
    Theta_obser                              0x20000070   Data           4  bsp_shared.o(.data)
    POWMNG_i2cReg1                           0x20000074   Data           1  bsp_shared.o(.data)
    LOGIC_i2cReg2                            0x20000075   Data           1  bsp_shared.o(.data)
    READY_i2cReg3                            0x20000076   Data           1  bsp_shared.o(.data)
    NFAULT_i2cReg4                           0x20000077   Data           1  bsp_shared.o(.data)
    STBY_i2cReg5                             0x20000078   Data           1  bsp_shared.o(.data)
    STATUS_i2cReg6                           0x20000079   Data           1  bsp_shared.o(.data)
    Rtest                                    0x2000007a   Data           1  bsp_shared.o(.data)
    Ntest                                    0x2000007b   Data           1  bsp_shared.o(.data)
    SafeTemp                                 0x20000080   Data           4  bsp_temperature.o(.data)
    MotorParam                               0x20000088   Data          20  foc_current.o(.data)
    __stdout                                 0x200000a0   Data           4  stdout.o(.data)
    hadc1                                    0x200000a8   Data          72  adc.o(.bss)
    htim1                                    0x200000f0   Data          72  tim.o(.bss)
    htim5                                    0x20000138   Data          72  tim.o(.bss)
    huart1                                   0x20000180   Data          72  usart.o(.bss)
    hdma_usart1_rx                           0x200001c8   Data          96  usart.o(.bss)
    hdma_usart1_tx                           0x20000228   Data          96  usart.o(.bss)
    rxBuff                                   0x20000288   Data        1000  stm32f4xx_it.o(.bss)
    comm                                     0x20000670   Data          40  bsp_shared.o(.bss)
    mc_info                                  0x20000698   Data          60  bsp_shared.o(.bss)
    ObserverParam                            0x200006d4   Data          24  foc_current.o(.bss)
    FOC_CURRENT_DW                           0x200006ec   Data          40  foc_current.o(.bss)
    FOC_CURRENT_U                            0x20000714   Data          24  foc_current.o(.bss)
    FOC_CURRENT_Y                            0x2000072c   Data          12  foc_current.o(.bss)
    __initial_sp                             0x20000b38   Data           0  startup_stm32f410cx.o(STACK)



==============================================================================

Memory Map of the image

  Image Entry point : 0x080001c9

  Load Region LR_IROM1 (Base: 0x08000000, Size: 0x0000625c, Max: 0x00020000, ABSOLUTE)

    Execution Region ER_IROM1 (Exec base: 0x08000000, Load base: 0x08000000, Size: 0x000061b4, Max: 0x00020000, ABSOLUTE)

    Exec Addr    Load Addr    Size         Type   Attr      Idx    E Section Name        Object

    0x08000000   0x08000000   0x000001c8   Data   RO            3    RESET               startup_stm32f410cx.o
    0x080001c8   0x080001c8   0x00000000   Code   RO         4104  * .ARM.Collect$$$$00000000  mc_w.l(entry.o)
    0x080001c8   0x080001c8   0x00000004   Code   RO         4391    .ARM.Collect$$$$00000001  mc_w.l(entry2.o)
    0x080001cc   0x080001cc   0x00000004   Code   RO         4394    .ARM.Collect$$$$00000004  mc_w.l(entry5.o)
    0x080001d0   0x080001d0   0x00000000   Code   RO         4396    .ARM.Collect$$$$00000008  mc_w.l(entry7b.o)
    0x080001d0   0x080001d0   0x00000000   Code   RO         4398    .ARM.Collect$$$$0000000A  mc_w.l(entry8b.o)
    0x080001d0   0x080001d0   0x00000008   Code   RO         4399    .ARM.Collect$$$$0000000B  mc_w.l(entry9a.o)
    0x080001d8   0x080001d8   0x00000004   Code   RO         4406    .ARM.Collect$$$$0000000E  mc_w.l(entry12b.o)
    0x080001dc   0x080001dc   0x00000000   Code   RO         4401    .ARM.Collect$$$$0000000F  mc_w.l(entry10a.o)
    0x080001dc   0x080001dc   0x00000000   Code   RO         4403    .ARM.Collect$$$$00000011  mc_w.l(entry11a.o)
    0x080001dc   0x080001dc   0x00000004   Code   RO         4392    .ARM.Collect$$$$00002712  mc_w.l(entry2.o)
    0x080001e0   0x080001e0   0x00000024   Code   RO            4    .text               startup_stm32f410cx.o
    0x08000204   0x08000204   0x00000062   Code   RO         4107    .text               mc_w.l(uldiv.o)
    0x08000266   0x08000266   0x00000024   Code   RO         4109    .text               mc_w.l(memseta.o)
    0x0800028a   0x0800028a   0x0000002c   Code   RO         4408    .text               mc_w.l(uidiv.o)
    0x080002b6   0x080002b6   0x0000001e   Code   RO         4410    .text               mc_w.l(llshl.o)
    0x080002d4   0x080002d4   0x00000020   Code   RO         4412    .text               mc_w.l(llushr.o)
    0x080002f4   0x080002f4   0x00000000   Code   RO         4421    .text               mc_w.l(iusefp.o)
    0x080002f4   0x080002f4   0x00000052   Code   RO         4422    .text               mf_w.l(frem.o)
    0x08000346   0x08000346   0x00000036   Code   RO         4434    .text               mf_w.l(fcmp4.o)
    0x0800037c   0x0800037c   0x00000024   Code   RO         4436    .text               mc_w.l(init.o)
    0x080003a0   0x080003a0   0x0000006e   Code   RO         4440    .text               mf_w.l(fepilogue.o)
    0x0800040e   0x0800040e   0x00000002   PAD
    0x08000410   0x08000410   0x00000010   Code   RO          427    i.ADC_IRQHandler    stm32f4xx_it.o
    0x08000420   0x08000420   0x00000160   Code   RO          573    i.ADC_Init          stm32f4xx_hal_adc.o
    0x08000580   0x08000580   0x000000b8   Code   RO         3587    i.BspAdcSample_Update  bsp_adc.o
    0x08000638   0x08000638   0x0000005c   Code   RO         3917    i.BspTemperature_Accumulate  bsp_temperature.o
    0x08000694   0x08000694   0x0000005c   Code   RO         3918    i.BspTemperature_FilterTick  bsp_temperature.o
    0x080006f0   0x080006f0   0x00000004   Code   RO          428    i.BusFault_Handler  stm32f4xx_it.o
    0x080006f4   0x080006f4   0x000000e0   Code   RO         3919    i.CalculateTemperature  bsp_temperature.o
    0x080007d4   0x080007d4   0x00000080   Code   RO         3611    i.CmdDir            bsp_command.o
    0x08000854   0x08000854   0x00000030   Code   RO         3612    i.CmdEquals         bsp_command.o
    0x08000884   0x08000884   0x0000006c   Code   RO         3613    i.CmdRun            bsp_command.o
    0x080008f0   0x080008f0   0x00000040   Code   RO         3614    i.CmdSetLevel       bsp_command.o
    0x08000930   0x08000930   0x00000030   Code   RO         3615    i.CmdSpeedDown      bsp_command.o
    0x08000960   0x08000960   0x00000030   Code   RO         3616    i.CmdSpeedUp        bsp_command.o
    0x08000990   0x08000990   0x00000020   Code   RO         3617    i.CmdStartsWith     bsp_command.o
    0x080009b0   0x080009b0   0x00000028   Code   RO         3618    i.CmdStop           bsp_command.o
    0x080009d8   0x080009d8   0x00000010   Code   RO          429    i.DMA2_Stream2_IRQHandler  stm32f4xx_it.o
    0x080009e8   0x080009e8   0x00000010   Code   RO          430    i.DMA2_Stream7_IRQHandler  stm32f4xx_it.o
    0x080009f8   0x080009f8   0x00000034   Code   RO         1413    i.DMA_CalcBaseAndBitshift  stm32f4xx_hal_dma.o
    0x08000a2c   0x08000a2c   0x000000aa   Code   RO         1414    i.DMA_CheckFifoParam  stm32f4xx_hal_dma.o
    0x08000ad6   0x08000ad6   0x00000002   Code   RO          431    i.DebugMon_Handler  stm32f4xx_it.o
    0x08000ad8   0x08000ad8   0x00000006   Code   RO           13    i.Error_Handler     main.o
    0x08000ade   0x08000ade   0x00000002   PAD
    0x08000ae0   0x08000ae0   0x00000368   Code   RO         3982    i.FOC_CURRENT_CTRL_CUR  foc_current.o
    0x08000e48   0x08000e48   0x0000003a   Code   RO         3983    i.FOC_CURRENT_InvPark  foc_current.o
    0x08000e82   0x08000e82   0x00000046   Code   RO         3984    i.FOC_CURRENT_Park  foc_current.o
    0x08000ec8   0x08000ec8   0x00000108   Code   RO         3985    i.FOC_CURRENT_SVPWM2  foc_current.o
    0x08000fd0   0x08000fd0   0x00000050   Code   RO         3986    i.FOC_CURRENT_initialize  foc_current.o
    0x08001020   0x08001020   0x000004b0   Code   RO         3987    i.FOC_CURRENT_step  foc_current.o
    0x080014d0   0x080014d0   0x00000228   Code   RO          743    i.HAL_ADCEx_InjectedConfigChannel  stm32f4xx_hal_adc_ex.o
    0x080016f8   0x080016f8   0x00000058   Code   RO         3961    i.HAL_ADCEx_InjectedConvCpltCallback  int_bsp.o
    0x08001750   0x08001750   0x00000046   Code   RO          745    i.HAL_ADCEx_InjectedGetValue  stm32f4xx_hal_adc_ex.o
    0x08001796   0x08001796   0x00000002   PAD
    0x08001798   0x08001798   0x0000012c   Code   RO          748    i.HAL_ADCEx_InjectedStart_IT  stm32f4xx_hal_adc_ex.o
    0x080018c4   0x080018c4   0x0000018c   Code   RO          575    i.HAL_ADC_ConfigChannel  stm32f4xx_hal_adc.o
    0x08001a50   0x08001a50   0x00000002   Code   RO          576    i.HAL_ADC_ConvCpltCallback  stm32f4xx_hal_adc.o
    0x08001a52   0x08001a52   0x00000002   Code   RO          579    i.HAL_ADC_ErrorCallback  stm32f4xx_hal_adc.o
    0x08001a54   0x08001a54   0x00000162   Code   RO          583    i.HAL_ADC_IRQHandler  stm32f4xx_hal_adc.o
    0x08001bb6   0x08001bb6   0x00000002   PAD
    0x08001bb8   0x08001bb8   0x00000068   Code   RO          584    i.HAL_ADC_Init      stm32f4xx_hal_adc.o
    0x08001c20   0x08001c20   0x00000002   Code   RO          585    i.HAL_ADC_LevelOutOfWindowCallback  stm32f4xx_hal_adc.o
    0x08001c22   0x08001c22   0x00000002   PAD
    0x08001c24   0x08001c24   0x00000090   Code   RO          218    i.HAL_ADC_MspInit   adc.o
    0x08001cb4   0x08001cb4   0x00000020   Code   RO         2137    i.HAL_CRC_Init      stm32f4xx_hal_crc.o
    0x08001cd4   0x08001cd4   0x00000034   Code   RO          260    i.HAL_CRC_MspInit   crc.o
    0x08001d08   0x08001d08   0x000000ac   Code   RO         1416    i.HAL_DMA_Abort     stm32f4xx_hal_dma.o
    0x08001db4   0x08001db4   0x00000028   Code   RO         1417    i.HAL_DMA_Abort_IT  stm32f4xx_hal_dma.o
    0x08001ddc   0x08001ddc   0x00000240   Code   RO         1421    i.HAL_DMA_IRQHandler  stm32f4xx_hal_dma.o
    0x0800201c   0x0800201c   0x000000ec   Code   RO         1422    i.HAL_DMA_Init      stm32f4xx_hal_dma.o
    0x08002108   0x08002108   0x00000028   Code   RO         1882    i.HAL_Delay         stm32f4xx_hal.o
    0x08002130   0x08002130   0x000001ac   Code   RO         1309    i.HAL_GPIO_Init     stm32f4xx_hal_gpio.o
    0x080022dc   0x080022dc   0x00000010   Code   RO         1311    i.HAL_GPIO_ReadPin  stm32f4xx_hal_gpio.o
    0x080022ec   0x080022ec   0x0000000c   Code   RO         1313    i.HAL_GPIO_WritePin  stm32f4xx_hal_gpio.o
    0x080022f8   0x080022f8   0x0000000c   Code   RO         1888    i.HAL_GetTick       stm32f4xx_hal.o
    0x08002304   0x08002304   0x00000018   Code   RO         1894    i.HAL_IncTick       stm32f4xx_hal.o
    0x0800231c   0x0800231c   0x0000003c   Code   RO         1895    i.HAL_Init          stm32f4xx_hal.o
    0x08002358   0x08002358   0x0000004c   Code   RO         1896    i.HAL_InitTick      stm32f4xx_hal.o
    0x080023a4   0x080023a4   0x00000048   Code   RO          546    i.HAL_MspInit       stm32f4xx_hal_msp.o
    0x080023ec   0x080023ec   0x00000028   Code   RO         1725    i.HAL_NVIC_EnableIRQ  stm32f4xx_hal_cortex.o
    0x08002414   0x08002414   0x0000007c   Code   RO         1731    i.HAL_NVIC_SetPriority  stm32f4xx_hal_cortex.o
    0x08002490   0x08002490   0x00000028   Code   RO         1732    i.HAL_NVIC_SetPriorityGrouping  stm32f4xx_hal_cortex.o
    0x080024b8   0x080024b8   0x00000184   Code   RO          846    i.HAL_RCC_ClockConfig  stm32f4xx_hal_rcc.o
    0x0800263c   0x0800263c   0x0000000c   Code   RO          851    i.HAL_RCC_GetHCLKFreq  stm32f4xx_hal_rcc.o
    0x08002648   0x08002648   0x00000020   Code   RO          853    i.HAL_RCC_GetPCLK1Freq  stm32f4xx_hal_rcc.o
    0x08002668   0x08002668   0x00000020   Code   RO          854    i.HAL_RCC_GetPCLK2Freq  stm32f4xx_hal_rcc.o
    0x08002688   0x08002688   0x000000b0   Code   RO          855    i.HAL_RCC_GetSysClockFreq  stm32f4xx_hal_rcc.o
    0x08002738   0x08002738   0x000004b0   Code   RO          953    i.HAL_RCC_OscConfig  stm32f4xx_hal_rcc_ex.o
    0x08002be8   0x08002be8   0x00000034   Code   RO         1736    i.HAL_SYSTICK_Config  stm32f4xx_hal_cortex.o
    0x08002c1c   0x08002c1c   0x00000002   Code   RO         2910    i.HAL_TIMEx_BreakCallback  stm32f4xx_hal_tim_ex.o
    0x08002c1e   0x08002c1e   0x00000002   Code   RO         2911    i.HAL_TIMEx_CommutCallback  stm32f4xx_hal_tim_ex.o
    0x08002c20   0x08002c20   0x00000074   Code   RO         2913    i.HAL_TIMEx_ConfigBreakDeadTime  stm32f4xx_hal_tim_ex.o
    0x08002c94   0x08002c94   0x0000007c   Code   RO         2929    i.HAL_TIMEx_MasterConfigSynchronization  stm32f4xx_hal_tim_ex.o
    0x08002d10   0x08002d10   0x000000bc   Code   RO         2940    i.HAL_TIMEx_PWMN_Start  stm32f4xx_hal_tim_ex.o
    0x08002dcc   0x08002dcc   0x00000088   Code   RO         2943    i.HAL_TIMEx_PWMN_Stop  stm32f4xx_hal_tim_ex.o
    0x08002e54   0x08002e54   0x00000066   Code   RO         2195    i.HAL_TIM_Base_Init  stm32f4xx_hal_tim.o
    0x08002eba   0x08002eba   0x00000002   PAD
    0x08002ebc   0x08002ebc   0x00000078   Code   RO          326    i.HAL_TIM_Base_MspInit  tim.o
    0x08002f34   0x08002f34   0x00000064   Code   RO         2198    i.HAL_TIM_Base_Start  stm32f4xx_hal_tim.o
    0x08002f98   0x08002f98   0x0000010c   Code   RO         2204    i.HAL_TIM_ConfigClockSource  stm32f4xx_hal_tim.o
    0x080030a4   0x080030a4   0x00000002   Code   RO         2229    i.HAL_TIM_IC_CaptureCallback  stm32f4xx_hal_tim.o
    0x080030a6   0x080030a6   0x0000016c   Code   RO         2243    i.HAL_TIM_IRQHandler  stm32f4xx_hal_tim.o
    0x08003212   0x08003212   0x00000002   PAD
    0x08003214   0x08003214   0x000000a0   Code   RO          327    i.HAL_TIM_MspPostInit  tim.o
    0x080032b4   0x080032b4   0x00000002   Code   RO         2246    i.HAL_TIM_OC_DelayElapsedCallback  stm32f4xx_hal_tim.o
    0x080032b6   0x080032b6   0x00000104   Code   RO         2267    i.HAL_TIM_PWM_ConfigChannel  stm32f4xx_hal_tim.o
    0x080033ba   0x080033ba   0x00000066   Code   RO         2270    i.HAL_TIM_PWM_Init  stm32f4xx_hal_tim.o
    0x08003420   0x08003420   0x00000002   Code   RO         2272    i.HAL_TIM_PWM_MspInit  stm32f4xx_hal_tim.o
    0x08003422   0x08003422   0x00000002   Code   RO         2273    i.HAL_TIM_PWM_PulseFinishedCallback  stm32f4xx_hal_tim.o
    0x08003424   0x08003424   0x000000cc   Code   RO         2275    i.HAL_TIM_PWM_Start  stm32f4xx_hal_tim.o
    0x080034f0   0x080034f0   0x0000009c   Code   RO         2278    i.HAL_TIM_PWM_Stop  stm32f4xx_hal_tim.o
    0x0800358c   0x0800358c   0x00000002   Code   RO         2281    i.HAL_TIM_PeriodElapsedCallback  stm32f4xx_hal_tim.o
    0x0800358e   0x0800358e   0x00000002   Code   RO         2286    i.HAL_TIM_TriggerCallback  stm32f4xx_hal_tim.o
    0x08003590   0x08003590   0x00000072   Code   RO         3188    i.HAL_UARTEx_ReceiveToIdle_IT  stm32f4xx_hal_uart.o
    0x08003602   0x08003602   0x00000002   PAD
    0x08003604   0x08003604   0x00000030   Code   RO          432    i.HAL_UARTEx_RxEventCallback  stm32f4xx_it.o
    0x08003634   0x08003634   0x00000002   Code   RO         3203    i.HAL_UART_ErrorCallback  stm32f4xx_hal_uart.o
    0x08003636   0x08003636   0x00000002   PAD
    0x08003638   0x08003638   0x00000308   Code   RO         3206    i.HAL_UART_IRQHandler  stm32f4xx_hal_uart.o
    0x08003940   0x08003940   0x00000076   Code   RO         3207    i.HAL_UART_Init     stm32f4xx_hal_uart.o
    0x080039b6   0x080039b6   0x00000002   PAD
    0x080039b8   0x080039b8   0x0000011c   Code   RO          380    i.HAL_UART_MspInit  usart.o
    0x08003ad4   0x08003ad4   0x00000002   Code   RO         3213    i.HAL_UART_RxCpltCallback  stm32f4xx_hal_uart.o
    0x08003ad6   0x08003ad6   0x000000be   Code   RO         3215    i.HAL_UART_Transmit  stm32f4xx_hal_uart.o
    0x08003b94   0x08003b94   0x00000002   Code   RO         3218    i.HAL_UART_TxCpltCallback  stm32f4xx_hal_uart.o
    0x08003b96   0x08003b96   0x00000004   Code   RO          433    i.HardFault_Handler  stm32f4xx_it.o
    0x08003b9a   0x08003b9a   0x00000002   PAD
    0x08003b9c   0x08003b9c   0x00000294   Code   RO         3619    i.KeyControl_Update  bsp_command.o
    0x08003e30   0x08003e30   0x0000007c   Code   RO         3620    i.KeyDebug_PrintState  bsp_command.o
    0x08003eac   0x08003eac   0x00000058   Code   RO         3621    i.KeyLevelRPM       bsp_command.o
    0x08003f04   0x08003f04   0x00000064   Code   RO         3622    i.KeyNameString     bsp_command.o
    0x08003f68   0x08003f68   0x0000006c   Code   RO         3623    i.KeyPressedEdge    bsp_command.o
    0x08003fd4   0x08003fd4   0x00000048   Code   RO         3624    i.KeyRampRPM        bsp_command.o
    0x0800401c   0x0800401c   0x00000024   Code   RO         3625    i.KeyRpmNearZero    bsp_command.o
    0x08004040   0x08004040   0x00000020   Code   RO         3626    i.KeyTargetRPM      bsp_command.o
    0x08004060   0x08004060   0x000000f4   Code   RO          219    i.MX_ADC1_Init      adc.o
    0x08004154   0x08004154   0x00000020   Code   RO          261    i.MX_CRC_Init       crc.o
    0x08004174   0x08004174   0x00000048   Code   RO          301    i.MX_DMA_Init       dma.o
    0x080041bc   0x080041bc   0x0000010c   Code   RO          189    i.MX_GPIO_Init      gpio.o
    0x080042c8   0x080042c8   0x00000128   Code   RO          328    i.MX_TIM1_Init      tim.o
    0x080043f0   0x080043f0   0x0000006c   Code   RO          329    i.MX_TIM5_Init      tim.o
    0x0800445c   0x0800445c   0x00000038   Code   RO          381    i.MX_USART1_UART_Init  usart.o
    0x08004494   0x08004494   0x00000068   Code   RO         3743    i.McDebug_PrintTransition  bsp_motor.o
    0x080044fc   0x080044fc   0x00000004   Code   RO          434    i.MemManage_Handler  stm32f4xx_it.o
    0x08004500   0x08004500   0x0000022c   Code   RO         3627    i.MotorControl_HandleUartCommand  bsp_command.o
    0x0800472c   0x0800472c   0x00000144   Code   RO         3744    i.MotorControl_StateMachineStep  bsp_motor.o
    0x08004870   0x08004870   0x00000048   Code   RO         3745    i.MotorControl_UpdateCommand  bsp_motor.o
    0x080048b8   0x080048b8   0x00000104   Code   RO         3801    i.MotorProtection_CheckRunFaults  bsp_protection.o
    0x080049bc   0x080049bc   0x00000098   Code   RO         3802    i.MotorProtection_CheckVbus  bsp_protection.o
    0x08004a54   0x08004a54   0x00000004   Code   RO          435    i.NMI_Handler       stm32f4xx_it.o
    0x08004a58   0x08004a58   0x00000044   Code   RO         3746    i.ParaInit          bsp_motor.o
    0x08004a9c   0x08004a9c   0x00000002   Code   RO          436    i.PendSV_Handler    stm32f4xx_it.o
    0x08004a9e   0x08004a9e   0x00000002   Code   RO          437    i.SVC_Handler       stm32f4xx_it.o
    0x08004aa0   0x08004aa0   0x00000038   Code   RO         3831    i.StartPWM          bsp_pwm.o
    0x08004ad8   0x08004ad8   0x00000034   Code   RO         3887    i.StatusLed_AllOff  bsp_status_led.o
    0x08004b0c   0x08004b0c   0x00000068   Code   RO         3888    i.StatusLed_Set     bsp_status_led.o
    0x08004b74   0x08004b74   0x00000038   Code   RO         3832    i.StopPWM           bsp_pwm.o
    0x08004bac   0x08004bac   0x00000008   Code   RO          438    i.SysTick_Handler   stm32f4xx_it.o
    0x08004bb4   0x08004bb4   0x000000b8   Code   RO           14    i.SystemClock_Config  main.o
    0x08004c6c   0x08004c6c   0x00000014   Code   RO         3551    i.SystemInit        system_stm32f4xx.o
    0x08004c80   0x08004c80   0x00000010   Code   RO          439    i.TIM1_BRK_TIM9_IRQHandler  stm32f4xx_it.o
    0x08004c90   0x08004c90   0x00000074   Code   RO         2288    i.TIM_Base_SetConfig  stm32f4xx_hal_tim.o
    0x08004d04   0x08004d04   0x00000022   Code   RO         2289    i.TIM_CCxChannelCmd  stm32f4xx_hal_tim.o
    0x08004d26   0x08004d26   0x00000022   Code   RO         2949    i.TIM_CCxNChannelCmd  stm32f4xx_hal_tim_ex.o
    0x08004d48   0x08004d48   0x00000016   Code   RO         2299    i.TIM_ETR_SetConfig  stm32f4xx_hal_tim.o
    0x08004d5e   0x08004d5e   0x00000012   Code   RO         2300    i.TIM_ITRx_SetConfig  stm32f4xx_hal_tim.o
    0x08004d70   0x08004d70   0x00000060   Code   RO         2301    i.TIM_OC1_SetConfig  stm32f4xx_hal_tim.o
    0x08004dd0   0x08004dd0   0x00000068   Code   RO         2302    i.TIM_OC2_SetConfig  stm32f4xx_hal_tim.o
    0x08004e38   0x08004e38   0x00000068   Code   RO         2303    i.TIM_OC3_SetConfig  stm32f4xx_hal_tim.o
    0x08004ea0   0x08004ea0   0x00000048   Code   RO         2304    i.TIM_OC4_SetConfig  stm32f4xx_hal_tim.o
    0x08004ee8   0x08004ee8   0x00000026   Code   RO         2306    i.TIM_TI1_ConfigInputStage  stm32f4xx_hal_tim.o
    0x08004f0e   0x08004f0e   0x00000028   Code   RO         2308    i.TIM_TI2_ConfigInputStage  stm32f4xx_hal_tim.o
    0x08004f36   0x08004f36   0x00000012   Code   RO         3220    i.UART_DMAAbortOnError  stm32f4xx_hal_uart.o
    0x08004f48   0x08004f48   0x0000006c   Code   RO         3230    i.UART_EndRxTransfer  stm32f4xx_hal_uart.o
    0x08004fb4   0x08004fb4   0x00000020   Code   RO         3231    i.UART_EndTransmit_IT  stm32f4xx_hal_uart.o
    0x08004fd4   0x08004fd4   0x000000fc   Code   RO         3233    i.UART_Receive_IT   stm32f4xx_hal_uart.o
    0x080050d0   0x080050d0   0x0000022c   Code   RO         3234    i.UART_SetConfig    stm32f4xx_hal_uart.o
    0x080052fc   0x080052fc   0x00000040   Code   RO         3236    i.UART_Start_Receive_IT  stm32f4xx_hal_uart.o
    0x0800533c   0x0800533c   0x00000060   Code   RO         3237    i.UART_Transmit_IT  stm32f4xx_hal_uart.o
    0x0800539c   0x0800539c   0x0000008c   Code   RO         3238    i.UART_WaitOnFlagUntilTimeout  stm32f4xx_hal_uart.o
    0x08005428   0x08005428   0x00000010   Code   RO          440    i.USART1_IRQHandler  stm32f4xx_it.o
    0x08005438   0x08005438   0x00000004   Code   RO          441    i.UsageFault_Handler  stm32f4xx_it.o
    0x0800543c   0x0800543c   0x00000020   Code   RO         4200    i.__0printf$3       mc_w.l(printf3.o)
    0x0800545c   0x0800545c   0x00000026   Code   RO         4372    i.__ARM_fpclassifyf  m_wm.l(fpclassifyf.o)
    0x08005482   0x08005482   0x00000002   PAD
    0x08005484   0x08005484   0x00000010   Code   RO         1738    i.__NVIC_GetPriorityGrouping  stm32f4xx_hal_cortex.o
    0x08005494   0x08005494   0x00000028   Code   RO         1739    i.__NVIC_SetPriority  stm32f4xx_hal_cortex.o
    0x080054bc   0x080054bc   0x00000150   Code   RO         4054    i.__hardfp_cosf     m_wm.l(cosf.o)
    0x0800560c   0x0800560c   0x00000070   Code   RO         4066    i.__hardfp_floorf   m_wm.l(floorf.o)
    0x0800567c   0x0800567c   0x00000048   Code   RO         4096    i.__hardfp_fmaxf    m_wm.l(fmaxf.o)
    0x080056c4   0x080056c4   0x00000048   Code   RO         4100    i.__hardfp_fminf    m_wm.l(fminf.o)
    0x0800570c   0x0800570c   0x000000b0   Code   RO         4072    i.__hardfp_fmodf    m_wm.l(fmodf.o)
    0x080057bc   0x080057bc   0x00000190   Code   RO         4084    i.__hardfp_sinf     m_wm.l(sinf.o)
    0x0800594c   0x0800594c   0x00000006   Code   RO         4375    i.__mathlib_flt_infnan  m_wm.l(funder.o)
    0x08005952   0x08005952   0x00000002   PAD
    0x08005954   0x08005954   0x00000010   Code   RO         4377    i.__mathlib_flt_invalid  m_wm.l(funder.o)
    0x08005964   0x08005964   0x00000010   Code   RO         4380    i.__mathlib_flt_underflow  m_wm.l(funder.o)
    0x08005974   0x08005974   0x00000154   Code   RO         4388    i.__mathlib_rredf2  m_wm.l(rredf.o)
    0x08005ac8   0x08005ac8   0x0000000e   Code   RO         4446    i.__scatterload_copy  mc_w.l(handlers.o)
    0x08005ad6   0x08005ad6   0x00000002   Code   RO         4447    i.__scatterload_null  mc_w.l(handlers.o)
    0x08005ad8   0x08005ad8   0x0000000e   Code   RO         4448    i.__scatterload_zeroinit  mc_w.l(handlers.o)
    0x08005ae6   0x08005ae6   0x00000002   PAD
    0x08005ae8   0x08005ae8   0x0000000c   Code   RO         4416    i.__set_errno       mc_w.l(errno.o)
    0x08005af4   0x08005af4   0x000001b8   Code   RO         4207    i._printf_core      mc_w.l(printf3.o)
    0x08005cac   0x08005cac   0x00000010   Code   RO         3719    i.delay_nop         bsp_delay.o
    0x08005cbc   0x08005cbc   0x0000001c   Code   RO          382    i.fputc             usart.o
    0x08005cd8   0x08005cd8   0x000000d8   Code   RO           15    i.main              main.o
    0x08005db0   0x08005db0   0x00000008   Data   RO         1428    .constdata          stm32f4xx_hal_dma.o
    0x08005db8   0x08005db8   0x00000018   Data   RO         3552    .constdata          system_stm32f4xx.o
    0x08005dd0   0x08005dd0   0x0000034c   Data   RO         3920    .constdata          bsp_temperature.o
    0x0800611c   0x0800611c   0x00000004   Data   RO         3990    .constdata          foc_current.o
    0x08006120   0x08006120   0x00000020   Data   RO         4389    .constdata          m_wm.l(rredf.o)
    0x08006140   0x08006140   0x00000052   Data   RO         3628    .conststring        bsp_command.o
    0x08006192   0x08006192   0x00000002   PAD
    0x08006194   0x08006194   0x00000020   Data   RO         4444    Region$$Table       anon$$obj.o


    Execution Region RW_IRAM1 (Exec base: 0x20000000, Load base: 0x080061b4, Size: 0x00000b38, Max: 0x00008000, ABSOLUTE)

    Exec Addr    Load Addr    Size         Type   Attr      Idx    E Section Name        Object

    0x20000000   0x080061b4   0x0000000a   Data   RW           17    .data               main.o
    0x2000000a   0x080061be   0x00000002   PAD
    0x2000000c   0x080061c0   0x00000008   Data   RW          262    .data               crc.o
    0x20000014   0x080061c8   0x00000009   Data   RW         1902    .data               stm32f4xx_hal.o
    0x2000001d   0x080061d1   0x00000003   PAD
    0x20000020   0x080061d4   0x00000004   Data   RW         3553    .data               system_stm32f4xx.o
    0x20000024   0x080061d8   0x0000003c   Data   RW         3629    .data               bsp_command.o
    0x20000060   0x08006214   0x0000001c   Data   RW         3862    .data               bsp_shared.o
    0x2000007c   0x08006230   0x0000000a   Data   RW         3921    .data               bsp_temperature.o
    0x20000086   0x0800623a   0x00000002   PAD
    0x20000088   0x0800623c   0x00000018   Data   RW         3991    .data               foc_current.o
    0x200000a0   0x08006254   0x00000004   Data   RW         4407    .data               mc_w.l(stdout.o)
    0x200000a4   0x08006258   0x00000004   Data   RW         4417    .data               mc_w.l(errno.o)
    0x200000a8        -       0x00000048   Zero   RW          220    .bss                adc.o
    0x200000f0        -       0x00000090   Zero   RW          330    .bss                tim.o
    0x20000180        -       0x00000108   Zero   RW          383    .bss                usart.o
    0x20000288        -       0x000003e8   Zero   RW          442    .bss                stm32f4xx_it.o
    0x20000670        -       0x00000064   Zero   RW         3861    .bss                bsp_shared.o
    0x200006d4        -       0x00000064   Zero   RW         3989    .bss                foc_current.o
    0x20000738        -       0x00000400   Zero   RW            1    STACK               startup_stm32f410cx.o


==============================================================================

Image component sizes


      Code (inc. data)   RO Data    RW Data    ZI Data      Debug   Object Name

       388         28          0          0         72       1961   adc.o
       184         26          0          0          0        666   bsp_adc.o
      2292        662         82         60          0      11585   bsp_command.o
        16          0          0          0          0        524   bsp_delay.o
       568        142          0          0          0       2240   bsp_motor.o
       412         22          0          0          0       1217   bsp_protection.o
       112          8          0          0          0        997   bsp_pwm.o
         0          0          0         28        100       2422   bsp_shared.o
       156         18          0          0          0       1183   bsp_status_led.o
       408         36        844         10          0       2866   bsp_temperature.o
        84         18          0          8          0       1559   crc.o
        72          4          0          0          0        806   dma.o
      2544        148          4         24        100       9213   foc_current.o
       268         22          0          0          0       1055   gpio.o
        88         14          0          0          0       1025   int_bsp.o
       406         54          0         10          0     381063   main.o
        36          8        456          0       1024        852   startup_stm32f410cx.o
       212         36          0          9          0       9661   stm32f4xx_hal.o
      1212         28          0          0          0       5626   stm32f4xx_hal_adc.o
       922         30          0          0          0       3232   stm32f4xx_hal_adc_ex.o
       312         22          0          0          0      34451   stm32f4xx_hal_cortex.o
        32          0          0          0          0       1079   stm32f4xx_hal_crc.o
      1246         16          8          0          0       5483   stm32f4xx_hal_dma.o
       456         24          0          0          0       2807   stm32f4xx_hal_gpio.o
        72          4          0          0          0        894   stm32f4xx_hal_msp.o
       640         60          0          0          0       4152   stm32f4xx_hal_rcc.o
      1200         24          0          0          0       2020   stm32f4xx_hal_rcc_ex.o
      2212         68          0          0          0      18148   stm32f4xx_hal_tim.o
       602         28          0          0          0       5726   stm32f4xx_hal_tim_ex.o
      2470         14          0          0          0      12933   stm32f4xx_hal_uart.o
       162         42          0          0       1000      10215   stm32f4xx_it.o
        20          6         24          4          0       1175   system_stm32f4xx.o
       684         48          0          0        144       3437   tim.o
       368         42          0          0        264       2516   usart.o

    ----------------------------------------------------------------------
     20876       1702       1452        160       2704     544789   Object Totals
         0          0         32          0          0          0   (incl. Generated)
        20          0          2          7          0          0   (incl. Padding)

    ----------------------------------------------------------------------

      Code (inc. data)   RO Data    RW Data    ZI Data      Debug   Library Member Name

       336         56          0          0          0        136   cosf.o
       112         14          0          0          0        116   floorf.o
        72          0          0          0          0        148   fmaxf.o
        72          0          0          0          0        148   fminf.o
       176          0          0          0          0        168   fmodf.o
        38          0          0          0          0        116   fpclassifyf.o
        38         12          0          0          0        348   funder.o
       340         24         32          0          0        160   rredf.o
       400         56          0          0          0        212   sinf.o
         0          0          0          0          0          0   entry.o
         0          0          0          0          0          0   entry10a.o
         0          0          0          0          0          0   entry11a.o
         4          0          0          0          0          0   entry12b.o
         8          4          0          0          0          0   entry2.o
         4          0          0          0          0          0   entry5.o
         0          0          0          0          0          0   entry7b.o
         0          0          0          0          0          0   entry8b.o
         8          4          0          0          0          0   entry9a.o
        12          6          0          4          0         68   errno.o
        30          0          0          0          0          0   handlers.o
        36          8          0          0          0         68   init.o
         0          0          0          0          0          0   iusefp.o
        30          0          0          0          0         68   llshl.o
        32          0          0          0          0         68   llushr.o
        36          0          0          0          0        108   memseta.o
       472         14          0          0          0        184   printf3.o
         0          0          0          4          0          0   stdout.o
        44          0          0          0          0         80   uidiv.o
        98          0          0          0          0         92   uldiv.o
        54          0          0          0          0         68   fcmp4.o
       110          0          0          0          0        168   fepilogue.o
        82          0          0          0          0         96   frem.o

    ----------------------------------------------------------------------
      2652        198         32          8          0       2620   Library Totals
         8          0          0          0          0          0   (incl. Padding)

    ----------------------------------------------------------------------

      Code (inc. data)   RO Data    RW Data    ZI Data      Debug   Library Name

      1584        162         32          0          0       1552   m_wm.l
       814         36          0          8          0        736   mc_w.l
       246          0          0          0          0        332   mf_w.l

    ----------------------------------------------------------------------
      2652        198         32          8          0       2620   Library Totals

    ----------------------------------------------------------------------

==============================================================================


      Code (inc. data)   RO Data    RW Data    ZI Data      Debug   

     23528       1900       1484        168       2704     531797   Grand Totals
     23528       1900       1484        168       2704     531797   ELF Image Totals
     23528       1900       1484        168          0          0   ROM Totals

==============================================================================

    Total RO  Size (Code + RO Data)                25012 (  24.43kB)
    Total RW  Size (RW Data + ZI Data)              2872 (   2.80kB)
    Total ROM Size (Code + RO Data + RW Data)      25180 (  24.59kB)

==============================================================================

